
 Start         Length     Name                   Class
 0001:00000000 000581C4H .text                   CODE
 0002:00000000 000013BCH .data                   DATA
 0002:000013BC 00000C01H .bss                    BSS


Detailed map of segments

 0001:00000000 00005277 C=CODE     S=.text    G=(none)   M=System   ACBP=A9
 0001:00005278 000001CC C=CODE     S=.text    G=(none)   M=SysInit  ACBP=A9
 0001:00005444 00000078 C=CODE     S=.text    G=(none)   M=Types    ACBP=A9
 0001:000054BC 00000CCC C=CODE     S=.text    G=(none)   M=Windows  ACBP=A9
 0001:00006188 00000038 C=CODE     S=.text    G=(none)   M=Messages ACBP=A9
 0001:000061C0 00000350 C=CODE     S=.text    G=(none)   M=SysConst ACBP=A9
 0001:00006510 00006B3C C=CODE     S=.text    G=(none)   M=SysUtils ACBP=A9
 0001:0000D04C 000007FB C=CODE     S=.text    G=(none)   M=VarUtils ACBP=A9
 0001:0000D848 00002A42 C=CODE     S=.text    G=(none)   M=Variants ACBP=A9
 0001:0001028C 00000150 C=CODE     S=.text    G=(none)   M=RTLConsts ACBP=A9
 0001:000103DC 000007E8 C=CODE     S=.text    G=(none)   M=TypInfo  ACBP=A9
 0001:00010BC4 00000038 C=CODE     S=.text    G=(none)   M=ActiveX  ACBP=A9
 0001:00010BFC 00009D62 C=CODE     S=.text    G=(none)   M=Classes  ACBP=A9
 0001:0001A960 00000290 C=CODE     S=.text    G=(none)   M=Consts   ACBP=A9
 0001:0001ABF0 00007283 C=CODE     S=.text    G=(none)   M=Graphics ACBP=A9
 0001:00021E74 00000054 C=CODE     S=.text    G=(none)   M=Math     ACBP=A9
 0001:00021EC8 000002B8 C=CODE     S=.text    G=(none)   M=Contnrs  ACBP=A9
 0001:00022180 000000F4 C=CODE     S=.text    G=(none)   M=CommCtrl ACBP=A9
 0001:00022274 00000787 C=CODE     S=.text    G=(none)   M=MultiMon ACBP=A9
 0001:000229FC 00000038 C=CODE     S=.text    G=(none)   M=Imm      ACBP=A9
 0001:00022A34 00000FF8 C=CODE     S=.text    G=(none)   M=HelpIntfs ACBP=A9
 0001:00023A2C 00000038 C=CODE     S=.text    G=(none)   M=WinSpool ACBP=A9
 0001:00023A64 00000044 C=CODE     S=.text    G=(none)   M=Printers ACBP=A9
 0001:00023AA8 0000031F C=CODE     S=.text    G=(none)   M=FlatSB   ACBP=A9
 0001:00023DC8 000001A4 C=CODE     S=.text    G=(none)   M=SyncObjs ACBP=A9
 0001:00023F6C 000009BB C=CODE     S=.text    G=(none)   M=UxTheme  ACBP=A9
 0001:00024928 00000038 C=CODE     S=.text    G=(none)   M=RichEdit ACBP=A9
 0001:00024960 00000038 C=CODE     S=.text    G=(none)   M=ToolWin  ACBP=A9
 0001:00024998 00000038 C=CODE     S=.text    G=(none)   M=ShellAPI ACBP=A9
 0001:000249D0 00000038 C=CODE     S=.text    G=(none)   M=RegStr   ACBP=A9
 0001:00024A08 00000038 C=CODE     S=.text    G=(none)   M=WinInet  ACBP=A9
 0001:00024A40 00000038 C=CODE     S=.text    G=(none)   M=UrlMon   ACBP=A9
 0001:00024A78 00000038 C=CODE     S=.text    G=(none)   M=ShlObj   ACBP=A9
 0001:00024AB0 00000038 C=CODE     S=.text    G=(none)   M=CommDlg  ACBP=A9
 0001:00024AE8 00000038 C=CODE     S=.text    G=(none)   M=Dlgs     ACBP=A9
 0001:00024B20 0000066D C=CODE     S=.text    G=(none)   M=Dialogs  ACBP=A9
 0001:00025190 00000652 C=CODE     S=.text    G=(none)   M=ExtCtrls ACBP=A9
 0001:000257E4 00000038 C=CODE     S=.text    G=(none)   M=ComStrs  ACBP=A9
 0001:0002581C 00000094 C=CODE     S=.text    G=(none)   M=Clipbrd  ACBP=A9
 0001:000258B0 000000A0 C=CODE     S=.text    G=(none)   M=StrUtils ACBP=A9
 0001:00025950 000000F5 C=CODE     S=.text    G=(none)   M=Buttons  ACBP=A9
 0001:00025A48 00000038 C=CODE     S=.text    G=(none)   M=ExtDlgs  ACBP=A9
 0001:00025A80 00001014 C=CODE     S=.text    G=(none)   M=IniFiles ACBP=A9
 0001:00026A94 00000388 C=CODE     S=.text    G=(none)   M=Registry ACBP=A9
 0001:00026E1C 0000006C C=CODE     S=.text    G=(none)   M=Mapi     ACBP=A9
 0001:00026E88 00000058 C=CODE     S=.text    G=(none)   M=ExtActns ACBP=A9
 0001:00026EE0 00000038 C=CODE     S=.text    G=(none)   M=ListActns ACBP=A9
 0001:00026F18 00000180 C=CODE     S=.text    G=(none)   M=ComCtrls ACBP=A9
 0001:00027098 00000A0C C=CODE     S=.text    G=(none)   M=Themes   ACBP=A9
 0001:00027AA4 00000038 C=CODE     S=.text    G=(none)   M=StdCtrls ACBP=A9
 0001:00027ADC 00000168 C=CODE     S=.text    G=(none)   M=StdActns ACBP=A9
 0001:00027C44 00000D1F C=CODE     S=.text    G=(none)   M=WinHelpViewer ACBP=A9
 0001:00028964 00010467 C=CODE     S=.text    G=(none)   M=Controls ACBP=A9
 0001:00038DCC 00001292 C=CODE     S=.text    G=(none)   M=ActnList ACBP=A9
 0001:0003A060 000016E4 C=CODE     S=.text    G=(none)   M=ImgList  ACBP=A9
 0001:0003B744 00006639 C=CODE     S=.text    G=(none)   M=Menus    ACBP=A9
 0001:00041D80 0000C288 C=CODE     S=.text    G=(none)   M=Forms    ACBP=A9
 0001:0004E008 00000038 C=CODE     S=.text    G=(none)   M=CPortEsc ACBP=A9
 0001:0004E040 00000038 C=CODE     S=.text    G=(none)   M=CPortTrmSet ACBP=A9
 0001:0004E078 000001B8 C=CODE     S=.text    G=(none)   M=CPortCtl ACBP=A9
 0001:0004E230 00000038 C=CODE     S=.text    G=(none)   M=CPortSetup ACBP=A9
 0001:0004E268 00005EBC C=CODE     S=.text    G=(none)   M=CPort    ACBP=A9
 0001:00054124 000040A0 C=CODE     S=.text    G=(none)   M=_sweda   ACBP=A9
 0002:00000000 000000A0 C=DATA     S=.data    G=DGROUP   M=System   ACBP=A9
 0002:000000A0 00000030 C=DATA     S=.data    G=DGROUP   M=SysInit  ACBP=A9
 0002:000000D0 00000250 C=DATA     S=.data    G=DGROUP   M=SysUtils ACBP=A9
 0002:00000320 00000008 C=DATA     S=.data    G=DGROUP   M=VarUtils ACBP=A9
 0002:00000328 0000008E C=DATA     S=.data    G=DGROUP   M=Variants ACBP=A9
 0002:000003B8 0000000C C=DATA     S=.data    G=DGROUP   M=TypInfo  ACBP=A9
 0002:000003C4 00000100 C=DATA     S=.data    G=DGROUP   M=Classes  ACBP=A9
 0002:000004C4 00000304 C=DATA     S=.data    G=DGROUP   M=Graphics ACBP=A9
 0002:000007C8 00000004 C=DATA     S=.data    G=DGROUP   M=Printers ACBP=A9
 0002:000007CC 00000074 C=DATA     S=.data    G=DGROUP   M=Dialogs  ACBP=A9
 0002:00000840 00000178 C=DATA     S=.data    G=DGROUP   M=ExtCtrls ACBP=A9
 0002:000009B8 0000002C C=DATA     S=.data    G=DGROUP   M=Buttons  ACBP=A9
 0002:000009E4 00000008 C=DATA     S=.data    G=DGROUP   M=IniFiles ACBP=A9
 0002:000009EC 00000008 C=DATA     S=.data    G=DGROUP   M=Registry ACBP=A9
 0002:000009F4 00000008 C=DATA     S=.data    G=DGROUP   M=Mapi     ACBP=A9
 0002:000009FC 00000018 C=DATA     S=.data    G=DGROUP   M=ComCtrls ACBP=A9
 0002:00000A14 00000068 C=DATA     S=.data    G=DGROUP   M=Themes   ACBP=A9
 0002:00000A7C 0000013C C=DATA     S=.data    G=DGROUP   M=Controls ACBP=A9
 0002:00000BB8 00000020 C=DATA     S=.data    G=DGROUP   M=ImgList  ACBP=A9
 0002:00000BD8 000000EC C=DATA     S=.data    G=DGROUP   M=Menus    ACBP=A9
 0002:00000CC4 0000011C C=DATA     S=.data    G=DGROUP   M=Forms    ACBP=A9
 0002:00000DE0 00000038 C=DATA     S=.data    G=DGROUP   M=CPortCtl ACBP=A9
 0002:00000E18 00000184 C=DATA     S=.data    G=DGROUP   M=CPort    ACBP=A9
 0002:00002000 0000065C C=BSS      S=.bss     G=DGROUP   M=System   ACBP=A9
 0002:0000265C 00000014 C=BSS      S=.bss     G=DGROUP   M=SysInit  ACBP=A9
 0002:00002670 00000004 C=BSS      S=.bss     G=DGROUP   M=Types    ACBP=A9
 0002:00002674 00000004 C=BSS      S=.bss     G=DGROUP   M=Windows  ACBP=A9
 0002:00002678 00000004 C=BSS      S=.bss     G=DGROUP   M=Messages ACBP=A9
 0002:0000267C 00000004 C=BSS      S=.bss     G=DGROUP   M=SysConst ACBP=A9
 0002:00002680 00000120 C=BSS      S=.bss     G=DGROUP   M=SysUtils ACBP=A9
 0002:000027A0 0000005C C=BSS      S=.bss     G=DGROUP   M=VarUtils ACBP=A9
 0002:000027FC 00000040 C=BSS      S=.bss     G=DGROUP   M=Variants ACBP=A9
 0002:0000283C 00000004 C=BSS      S=.bss     G=DGROUP   M=RTLConsts ACBP=A9
 0002:00002840 00000004 C=BSS      S=.bss     G=DGROUP   M=TypInfo  ACBP=A9
 0002:00002844 00000004 C=BSS      S=.bss     G=DGROUP   M=ActiveX  ACBP=A9
 0002:00002848 00000044 C=BSS      S=.bss     G=DGROUP   M=Classes  ACBP=A9
 0002:0000288C 00000004 C=BSS      S=.bss     G=DGROUP   M=Consts   ACBP=A9
 0002:00002890 00000060 C=BSS      S=.bss     G=DGROUP   M=Graphics ACBP=A9
 0002:000028F0 00000004 C=BSS      S=.bss     G=DGROUP   M=Math     ACBP=A9
 0002:000028F4 00000004 C=BSS      S=.bss     G=DGROUP   M=Contnrs  ACBP=A9
 0002:000028F8 00000004 C=BSS      S=.bss     G=DGROUP   M=CommCtrl ACBP=A9
 0002:000028FC 00000031 C=BSS      S=.bss     G=DGROUP   M=MultiMon ACBP=A9
 0002:00002930 00000004 C=BSS      S=.bss     G=DGROUP   M=Imm      ACBP=A9
 0002:00002934 00000008 C=BSS      S=.bss     G=DGROUP   M=HelpIntfs ACBP=A9
 0002:0000293C 00000004 C=BSS      S=.bss     G=DGROUP   M=WinSpool ACBP=A9
 0002:00002940 00000004 C=BSS      S=.bss     G=DGROUP   M=Printers ACBP=A9
 0002:00002944 00000034 C=BSS      S=.bss     G=DGROUP   M=FlatSB   ACBP=A9
 0002:00002978 00000004 C=BSS      S=.bss     G=DGROUP   M=SyncObjs ACBP=A9
 0002:0000297C 000000CC C=BSS      S=.bss     G=DGROUP   M=UxTheme  ACBP=A9
 0002:00002A48 00000004 C=BSS      S=.bss     G=DGROUP   M=RichEdit ACBP=A9
 0002:00002A4C 00000004 C=BSS      S=.bss     G=DGROUP   M=ToolWin  ACBP=A9
 0002:00002A50 00000004 C=BSS      S=.bss     G=DGROUP   M=ShellAPI ACBP=A9
 0002:00002A54 00000004 C=BSS      S=.bss     G=DGROUP   M=RegStr   ACBP=A9
 0002:00002A58 00000004 C=BSS      S=.bss     G=DGROUP   M=WinInet  ACBP=A9
 0002:00002A5C 00000004 C=BSS      S=.bss     G=DGROUP   M=UrlMon   ACBP=A9
 0002:00002A60 00000004 C=BSS      S=.bss     G=DGROUP   M=ShlObj   ACBP=A9
 0002:00002A64 00000004 C=BSS      S=.bss     G=DGROUP   M=CommDlg  ACBP=A9
 0002:00002A68 00000004 C=BSS      S=.bss     G=DGROUP   M=Dlgs     ACBP=A9
 0002:00002A6C 0000000C C=BSS      S=.bss     G=DGROUP   M=Dialogs  ACBP=A9
 0002:00002A78 00000004 C=BSS      S=.bss     G=DGROUP   M=ExtCtrls ACBP=A9
 0002:00002A7C 00000004 C=BSS      S=.bss     G=DGROUP   M=ComStrs  ACBP=A9
 0002:00002A80 0000000C C=BSS      S=.bss     G=DGROUP   M=Clipbrd  ACBP=A9
 0002:00002A8C 00000004 C=BSS      S=.bss     G=DGROUP   M=StrUtils ACBP=A9
 0002:00002A90 00000030 C=BSS      S=.bss     G=DGROUP   M=Buttons  ACBP=A9
 0002:00002AC0 00000004 C=BSS      S=.bss     G=DGROUP   M=ExtDlgs  ACBP=A9
 0002:00002AC4 00000004 C=BSS      S=.bss     G=DGROUP   M=IniFiles ACBP=A9
 0002:00002AC8 00000004 C=BSS      S=.bss     G=DGROUP   M=Registry ACBP=A9
 0002:00002ACC 00000004 C=BSS      S=.bss     G=DGROUP   M=Mapi     ACBP=A9
 0002:00002AD0 00000009 C=BSS      S=.bss     G=DGROUP   M=ExtActns ACBP=A9
 0002:00002ADC 00000004 C=BSS      S=.bss     G=DGROUP   M=ListActns ACBP=A9
 0002:00002AE0 00000010 C=BSS      S=.bss     G=DGROUP   M=ComCtrls ACBP=A9
 0002:00002AF0 00000008 C=BSS      S=.bss     G=DGROUP   M=Themes   ACBP=A9
 0002:00002AF8 00000004 C=BSS      S=.bss     G=DGROUP   M=StdCtrls ACBP=A9
 0002:00002AFC 00000004 C=BSS      S=.bss     G=DGROUP   M=StdActns ACBP=A9
 0002:00002B00 00000014 C=BSS      S=.bss     G=DGROUP   M=WinHelpViewer ACBP=A9
 0002:00002B14 00000080 C=BSS      S=.bss     G=DGROUP   M=Controls ACBP=A9
 0002:00002B94 00000004 C=BSS      S=.bss     G=DGROUP   M=ActnList ACBP=A9
 0002:00002B98 0000000C C=BSS      S=.bss     G=DGROUP   M=ImgList  ACBP=A9
 0002:00002BA4 00000010 C=BSS      S=.bss     G=DGROUP   M=Menus    ACBP=A9
 0002:00002BB4 00000020 C=BSS      S=.bss     G=DGROUP   M=Forms    ACBP=A9
 0002:00002BD4 00000004 C=BSS      S=.bss     G=DGROUP   M=CPortEsc ACBP=A9
 0002:00002BD8 00000004 C=BSS      S=.bss     G=DGROUP   M=CPortTrmSet ACBP=A9
 0002:00002BDC 00000008 C=BSS      S=.bss     G=DGROUP   M=CPortCtl ACBP=A9
 0002:00002BE4 00000004 C=BSS      S=.bss     G=DGROUP   M=CPortSetup ACBP=A9
 0002:00002BE8 00000004 C=BSS      S=.bss     G=DGROUP   M=CPort    ACBP=A9
 0002:00002BEC 00000014 C=BSS      S=.bss     G=DGROUP   M=_sweda   ACBP=A9


  Address         Publics by Name

 0002:00002668       .1
 0002:00002670       .1
 0002:00002A7C       .1
 0002:00002A8C       .1
 0002:00002ACC       .1
 0002:0000288C       .1
 0002:000028F8       .1
 0002:00002A68       .1
 0002:00002A64       .1
 0002:00002A60       .1
 0002:00002A5C       .1
 0002:00002A58       .1
 0002:00002A54       .1
 0002:00002A50       .1
 0002:00002A48       .1
 0002:00002A38       .1
 0002:00002964       .1
 0002:00002678       .1
 0002:00002B08       .1
 0002:0000291C       .1
 0002:00002930       .1
 0002:0000267C       .1
 0002:0000283C       .1
 0002:00002A6C       .11
 0002:00002894       .12
 0002:00002A78       .12
 0002:00002A84       .2
 0002:000028F0       .2
 0002:00002BD8       .2
 0002:00002BE4       .2
 0002:00002934       .2
 0002:00002AF0       .2
 0002:000028F4       .21
 0002:00002BE8       .21
 0002:0000293C       .3
 0002:00002940       .3
 0002:00002B98       .3
 0002:00002844       .3
 0002:00002AC0       .3
 0002:00002674       .3
 0002:00002790       .35
 0002:00002AE0       .36
 0002:00002BD4       .4
 0002:00002A4C       .4
 0002:00002A90       .4
 0002:00002BBC       .41
 0002:00002AF8       .42
 0002:00002854       .45
 0002:000025B4       .5
 0002:00002AC8       .5
 0002:000027F8       .5
 0002:00002978       .6
 0002:00002840       .6
 0002:00002AD0       .72
 0002:00002B1C       .72
 0002:00002AFC       .73
 0002:00002B94       .8
 0002:00002BE0       .8
 0002:00002ADC       .8
 0002:00002AC4       .8
 0002:0000281C       .81
 0002:00002BAC       .9
 0001:00001AB8       @AbstractError
 0001:00002A7C       @AfterConstruction
 0001:00001B44       @Append
 0001:000028C8       @AsClass
 0001:00001DA8       @Assign
 0001:00001F68       @AStrCmp
 0001:00002A8C       @BeforeDestruction
 0001:00002914       @CallDynaInst
 0001:00002A24       @ClassCreate
 0001:00002A74       @ClassDestroy
 0001:00001E70       @Close
 0001:000018A4       @Copy
 0001:0000422C       @CopyArray
 0001:00004110       @CopyRecord
 0001:00004320       @DispCallByIDError
 0001:0000E2E8       @DispInvokeError
 0001:00002F08       @DoneExcept
 0001:00004550       @DynArrayAsg
 0001:00004514       @DynArrayClear
 0001:00004354       @DynArrayHigh
 0001:0000434C       @DynArrayLength
 0001:00004508       @DynArraySetLength
 0001:00002FF0       @ExceptionHandler
 0001:00001FD8       @FillChar
 0001:000040EC       @Finalize
 0001:00004000       @FinalizeArray
 0001:00003FB4       @FinalizeRecord
 0001:00001E64       @Flush
 0001:00002654       @FpuInit
 0001:00002590       @FpuMaskInit
 0001:0000172C       @FreeMem
 0001:0000170C       @GetMem
 0001:00005378       @GetTls
 0001:000034C0       @Halt
 0001:000033E8       @Halt0
 0001:00002BA0       @HandleAnyException
 0001:00002E54       @HandleFinally
 0001:00002CCC       @HandleOnException
 0001:00003F20       @InitializeArray
 0001:00003EF0       @InitializeRecord
 0001:000032AC       @InitImports
 0001:000053C4       @InitLib
 0001:00003284       @InitResStringImports
 0001:00003260       @InitResStrings
 0001:00004C34       @IntfAddRef
 0001:00004C04       @IntfCast
 0001:00004BC0       @IntfClear
 0001:00004BD8       @IntfCopy
 0001:000028A4       @IsClass
 0001:00002560       @isNECWindows
 0001:00003A0C       @LStrAddRef
 0001:00003580       @LStrArrayClr
 0001:000035B0       @LStrAsg
 0001:00003824       @LStrCat
 0001:00003868       @LStrCat3
 0001:000038DC       @LStrCatN
 0001:0000355C       @LStrClr
 0001:00003968       @LStrCmp
 0001:00003A7C       @LStrCopy
 0001:00003ABC       @LStrDelete
 0001:000037CC       @LStrFromArray
 0001:00003744       @LStrFromChar
 0001:00003754       @LStrFromPChar
 0001:0000364C       @LStrFromPCharLen
 0001:00003784       @LStrFromPWChar
 0001:000036B8       @LStrFromPWCharLen
 0001:000037C0       @LStrFromString
 0001:000037E4       @LStrFromWStr
 0001:00003B04       @LStrInsert
 0001:000035F4       @LStrLAsg
 0001:0000381C       @LStrLen
 0001:00003B60       @LStrPos
 0001:00003BA8       @LStrSetLength
 0001:00003A1C       @LStrToPChar
 0001:000037F8       @LStrToString
 0001:00003620       @NewAnsiString
 0001:00003C3C       @NewWideString
 0001:00002274       @Pow10
 0001:00001EE4       @PStrCmp
 0001:00001EC8       @PStrNCpy
 0001:00002EB4       @RaiseAgain
 0001:00002E8C       @RaiseExcept
 0001:0000174C       @ReallocMem
 0001:00001B2C       @ResetText
 0001:00001B38       @RewritText
 0001:00001AAC       @ROUND
 0001:000034CC       @RunError
 0001:00002258       @SetEq
 0001:00003198       @StartLib
 0001:000002EC       @strlen
 0001:00002F38       @TryFinallyExit
 0001:00003A74       @UniqueStringA
 0001:00001FF8       @ValLong
 0001:0000F9E0       @VarAddRef
 0001:0000E5D4       @VarClear
 0001:00003FE8       @VarClr
 0001:0000E5E8       @VarClr
 0001:0000E8FC       @VarCopy
 0001:000040F8       @VarCopy
 0001:0000F918       @VarFromBool
 0001:0000F968       @VarFromCurr
 0001:0000F8B0       @VarFromInt
 0001:0000F8EC       @VarFromInt64
 0001:0000F97C       @VarFromLStr
 0001:0000F940       @VarFromReal
 0001:0000F954       @VarFromTDateTime
 0001:0000F9A8       @VarFromWStr
 0001:0000E33C       @VarNull
 0001:0000EC28       @VarToLStr
 0001:0000F350       @VarToWStr
 0001:00003C0C       @Write0LString
 0001:00002110       @WriteBytes
 0001:000021E0       @WriteLn
 0001:00003C14       @WriteLString
 0001:00002164       @WriteSpaces
 0001:00003C7C       @WStrArrayClr
 0001:00003CA0       @WStrAsg
 0001:00003C64       @WStrClr
 0001:00003DDC       @WStrCmp
 0001:00003E60       @WStrCopy
 0001:00003DB0       @WStrFromLStr
 0001:00003CC4       @WStrFromPCharLen
 0001:00003D74       @WStrFromPWChar
 0001:00003D50       @WStrFromPWCharLen
 0001:00003DD0       @WStrLen
 0001:00003EAC       @WStrSetLength
 0001:00003DC0       @WStrToPWChar
 0001:00002234       @_CLenToPasStr
 0001:00002228       @_CToPasStr
 0001:00001874       @_IOTest
 0001:00004328       @_llmul
 0001:00055094       Abrecupom
 0001:000551E4       AbreGaveta
 0001:0002B188       AbsMin
 0001:0000B444       AbstractErrorHandler
 0002:00002028       AbstractErrorProc
 0002:00000150       AccessMode
 0001:000017DC       AcquireExceptionObject
 0001:00055250       AcreSub
 0001:00012F68       ActivateClassGroup
 0001:00005A18       ActivateKeyboardLayout
 0002:00002B50       ActiveDrag
 0001:00010BF4       ActiveX
 0001:0003A034       ActnList
 0001:00000418       AddBlockAfter
 0002:000003C4       AddDataModule
 0001:00016028       AddFinished
 0001:0003D378       AddIn
 0001:00004A54       AddModuleUnloadProc
 0001:00004A64       AddModuleUnloadProc
 0001:00016060       AddNotFinished
 0001:00016A84       AddSubComponentsToLoaded
 0001:00018F2C       AddThread
 0001:0001E218       AdjustColor
 0001:0004437C       Adjustment
 0001:00005A20       AdjustWindowRectEx
 0002:00000C9C       Alignments
 0002:00000CAC       Alignments
 0001:0004B274       AlignWork
 0001:0003072C       AlignWork
 0001:00043E68       AllocateHWnd
 0001:0001A740       AllocateHWnd
 0001:00007104       AllocMem
 0002:000025AC       AllocMemCount
 0002:000025B0       AllocMemSize
 0001:00021C6C       AllocPatternBitmap
 0001:000052A8       AllocTlsBuffer
 0002:00000A88       AnchorAlign
 0002:00000A7C       AnimateWindowProc
 0002:00000B84       AnimationStyle
 0001:00007264       AnsiCompareStr
 0001:0000729C       AnsiCompareText
 0001:00007A10       AnsiLastChar
 0001:00005A28       AnsiLower
 0001:0000BDB0       AnsiPos
 0001:00041B8C       AnsiSameCaption
 0001:000072D4       AnsiSameText
 0001:000072EC       AnsiStrLIComp
 0001:0000BDE8       AnsiStrPos
 0001:0000BE88       AnsiStrRScan
 0001:0000BEB0       AnsiStrScan
 0001:00005034       AnsiToUtf8
 0001:00009324       AppendChars
 0001:000096E8       AppendFormat
 0001:00009388       AppendNumber
 0001:00009368       AppendString
 0002:00002BB4       Application
 0002:000003D4       ApplicationHandleException
 0002:000003DC       ApplicationShowException
 0002:00000DD8       AppVisible
 0001:0000B428       AssertErrorHandler
 0002:00002020       AssertErrorProc
 0001:0001068C       AssignLongStr
 0001:00010A30       AssignVariant
 0001:000553F8       Autentica
 0002:00002604       avail
 0001:00007B38       BackfillGetDiskFreeSpaceEx
 0001:0002DCE0       BackgroundClipped
 0001:0000D2DC       BackupVarBoolFromStr
 0001:0000D43C       BackupVarBStrFromBool
 0001:0000D35C       BackupVarBStrFromCy
 0001:0000D3CC       BackupVarBStrFromDate
 0001:0000D270       BackupVarCyFromStr
 0001:0000D204       BackupVarDateFromStr
 0001:0000D0C0       BackupVarI4FromStr
 0001:0000D06C       BackupVariantChangeTypeEx
 0001:0000D12C       BackupVarR4FromStr
 0001:0000D198       BackupVarR8FromStr
 0002:00000F1C       BaudRateStrings
 0001:00053ECC       BaudRateToStr
 0001:000132C0       BeginGlobalLoading
 0001:00005A30       BeginPaint
 0001:00003510       BeginThread
 0001:0001E224       BetterSize
 0001:0003E1EC       BiDiDraw
 0001:00018E18       BinToHex
 0001:00005868       BitBlt
 0002:000009B8       BitBtnCaptions
 0002:00002A94       BitBtnGlyphs
 0002:0000077C       BitmapCanvasList
 0002:000028AC       BitmapImageLock
 0001:0000D0A8       BiUnimplemented
 0002:00000498       BlockCode
 0002:000025DC       blockDescBlockList
 0002:000025E0       blockDescFreeList
 0002:000003B8       BooleanIdents
 0002:00000334       BooleanToStringRule
 0001:00050F50       BoolToStr
 0001:00007724       BoolToStr
 0001:0000E9B0       BoolToWStrViaOS
 0001:00005468       Bounds
 0001:00012280       Bounds
 0002:00000C44       Breaks
 0002:000028E4       BrushManager
 0001:000409A0       BuildImage
 0002:00000814       ButtonCaptions
 0002:000007E8       ButtonNames
 0002:00000CC0       Buttons
 0001:00025A20       Buttons
 0001:0001DA04       BytesPerScanline
 0001:0001DD5C       ByteSwapColors
 0001:0000BAF8       ByteToCharIndex
 0001:0000BAD0       ByteToCharLen
 0001:0000BA94       ByteType
 0001:0000BA1C       ByteTypeTest
 0002:00002B9C       CachedComCtrlVer
 0001:0001A67C       CalcJmpOffset
 0001:000380BC       CalcSplitterPos
 0001:00005A38       CallNextHookEx
 0001:0000C57C       CallTerminateProcs
 0001:00005A40       CallWindowProc
 0001:000554D8       Cancelacupom
 0001:0002C1C0       CancelDrag
 0001:00055578       CancItem
 0002:000028E8       CanvasList
 0002:00002B64       CanvasList
 0002:000007D4       Captions
 0002:00000B40       CaptureControl
 0002:00000E94       CBaudRate
 0002:00000BE4       cBooleanToItemAutoFlag
 0002:00000EF4       CControlDTR
 0002:00000EE4       CControlRTS
 0002:00000ED4       CDataBits
 0002:00002A82       CF_COMPONENT
 0002:00002A80       CF_PICTURE
 0002:00002814       ChangeAnyProc
 0001:0000367C       CharFromWChar
 0001:0000BCCC       CharLength
 0001:00000254       CharNext
 0001:00005A48       CharNext
 0001:0001C388       CharsetToIdent
 0001:0000BBE0       CharToByteIndex
 0001:0000BC44       CharToByteLen
 0001:00005A50       CharToOemA
 0001:00051280       CharToStr
 0001:0001E7D4       CheckBool
 0001:00002B1C       CheckJmp
 0001:000534A0       CheckLinks
 0001:00005A58       CheckMenuItem
 0002:00000C34       Checks
 0001:00016AC0       CheckSubComponents
 0001:00018F44       CheckSynchronize
 0001:00043D9C       CheckTaskWindow
 0001:0002BE74       CheckUndock
 0001:0000B910       CheckWin32Version
 0001:00057330       Cheque
 0002:00000338       CInvalidCustomVariantType
 0002:00000BE8       cItemAutoFlagToBoolean
 0002:00000BE0       cItemAutoFlagToMenu
 0001:0001A8CC       Classes
 0001:00012D2C       ClassNotFound
 0002:00002810       ClearAnyProc
 0001:0001BC18       ClearColor
 0001:000055A8       ClearCommError
 0001:0000FD1C       ClearVariantTypeList
 0001:00005A60       ClientToScreen
 0001:000356A4       ClientToWindow
 0002:00000774       ClipboardFormats
 0001:00025858       Clipbrd
 0001:000055B0       CloseHandle
 0001:000001F4       CloseHandle
 0002:00002980       CloseThemeData
 0002:0000203C       CmdLine
 0002:00002038       CmdShow
 0002:00000BDC       cMenuAutoFlagToItem
 0001:0000D0B4       CmpUnimplemented
 0001:0005754C       cnfv
 0002:000004F4       Colors
 0001:0001C180       ColorToIdent
 0002:00000840       ColorToPretyName
 0001:0001C170       ColorToRGB
 0002:00002BF0       comando
 0002:00002AEC       ComCtlVersion
 0001:00027090       ComCtrls
 0002:00000E18       ComErrorMessages
 0002:00002BB0       CommandPool
 0001:0002226C       CommCtrl
 0001:00024AE0       CommDlg
 0001:000006F8       Commit
 0002:00002620       committedRoot
 0001:0003C95C       CompareFront
 0001:000071CC       CompareMem
 0001:0000719C       CompareStr
 0001:000055B8       CompareString
 0001:000071EC       CompareText
 0001:0000764C       CompareWith
 0001:00016BA0       ComponentCreated
 0001:00025814       ComStrs
 0002:00002BDC       ComTerminalFont
 0001:0001ABE8       Consts
 0001:00022178       Contnrs
 0001:00057464       Contra_vale
 0002:00002B22       ControlAtom
 0002:00002B28       ControlAtomString
 0001:00048B44       ControlHasHelp
 0001:00038D3C       Controls
 0002:000003F8       Convert
 0002:00000408       Convert
 0001:0000AE84       ConvertAddr
 0001:00009478       ConvertEraString
 0001:000070C8       ConvertError
 0001:000070E0       ConvertErrorFmt
 0001:000095E0       ConvertYearString
 0001:00056C0C       COO
 0001:0000435C       CopyArray
 0001:0001F2AC       CopyBitmap
 0001:0001F974       CopyBitmapAsMask
 0001:0001F910       CopyPalette
 0002:00000A18       Copyright
 0001:0003FA4C       CopyToBest
 0001:0000BB50       CountChars
 0002:000028C4       CounterLock
 0002:00000E74       CParityBits
 0001:0005411C       CPort
 0001:0004E1D4       CPortCtl
 0001:0004E038       CPortEsc
 0001:0004E260       CPortSetup
 0001:0004E070       CPortTrmSet
 0002:0000033C       CRangeToType
 0001:0000B36C       CreateAssertException
 0001:0000B4F4       CreateAVObject
 0001:00005870       CreateBitmap
 0001:00005878       CreateBrushIndirect
 0001:00005880       CreateCompatibleBitmap
 0001:00005888       CreateCompatibleDC
 0001:00016C20       CreateComponent
 0001:00005898       CreateDIBitmap
 0001:00005890       CreateDIBSection
 0001:00007BAC       CreateDir
 0001:000055C0       CreateDirectory
 0001:000055C8       CreateEvent
 0001:000055D0       CreateFile
 0001:000001FC       CreateFileA
 0001:000058A0       CreateFontIndirect
 0001:000058A8       CreateHalftonePalette
 0001:00005A68       CreateIcon
 0001:0000B298       CreateInOutError
 0001:00005A70       CreateMenu
 0001:000058B0       CreatePalette
 0001:000058B8       CreatePenIndirect
 0001:00005A78       CreatePopupMenu
 0001:000058C0       CreateSolidBrush
 0001:0001DDB4       CreateSystemPalette
 0001:0000025C       CreateThread
 0001:000055D8       CreateThread
 0001:00006000       CreateWindow
 0001:00005FA8       CreateWindowEx
 0002:000007CC       CreationControl
 0002:00000A80       CreationControl
 0002:000003A4       CRelationshipToBoolean
 0002:00000320       CResult
 0002:00000148       cSimpleBoolStrs
 0002:00000E88       CStopBits
 0002:00000350       CText
 0002:00000B7C       Ctl3DStyles
 0002:00002618       curAlloc
 0002:00002688       CurrencyDecimals
 0002:00002684       CurrencyFormat
 0002:00002680       CurrencyString
 0001:00009310       CurrentYear
 0001:00008CE0       CurrToStr
 0001:0000E940       CurrToWStrViaOS
 0002:00000D5C       CursorMap
 0002:00000A90       Cursors
 0001:0002AA60       CursorToIdent
 0002:00000D4C       cUseAlpha
 0002:00000D54       cUseColorKey
 0001:000073C0       CvtInt
 0001:0000742C       CvtInt64
 0002:00000188       CWNear
 0002:00000F68       DataBitsStrings
 0001:00053F58       DataBitsToStr
 0001:00026B50       DataTypeToRegData
 0002:00002689       DateSeparator
 0001:00009F28       DateTimeToStr
 0001:00009E9C       DateTimeToString
 0001:00008EA8       DateTimeToTimeStamp
 0001:00009EF8       DateToStr
 0001:0000E978       DateToWStrViaOS
 0001:00009298       DayOfWeek
 0002:00000184       DCon10
 0002:000004F0       DDBsOnly
 0001:0001A7F4       DeallocateHWnd
 0001:00043E7C       DeallocateHWnd
 0002:00000028       DebugHook
 0002:00002687       DecimalSeparator
 0001:00009278       DecodeDate
 0001:0000912C       DecodeDateFully
 0001:00008F9C       DecodeTime
 0001:0000078C       Decommit
 0001:00000DA8       DecommitFree
 0002:000025F4       decommittedRoot
 0001:000467CC       Default
 0001:0004BE9C       Default
 0002:00000020       Default8087CW
 0002:00000A84       DefaultDockTreeClass
 0002:00000034       DefaultTextLineBreakStyle
 0002:000025B8       DefaultUserCodePage
 0002:00000744       DefBrushData
 0002:000004C4       DefFontData
 0001:00005A80       DefFrameProc
 0002:00000214       DefLongDayNames
 0002:000001C8       DefLongMonthNames
 0001:00005A88       DefMDIChildProc
 0002:00000724       DefPenData
 0002:000001F8       DefShortDayNames
 0002:00000198       DefShortMonthNames
 0001:00005A90       DefWindowProc
 0001:000045A8       DelayLoadResourceModule
 0001:00000448       DeleteBlock
 0001:000003B8       DeleteCriticalSection
 0001:000055E0       DeleteCriticalSection
 0001:000058C8       DeleteDC
 0001:00000BF0       DeleteFree
 0001:00005A98       DeleteMenu
 0001:000058D0       DeleteObject
 0001:00055690       Descitem
 0001:0005579C       DescSub
 0001:0001EE68       DeselectBitmap
 0001:00005AA0       DestroyCursor
 0001:00005AA8       DestroyIcon
 0001:00025950       DestroyLocals
 0001:00005AB0       DestroyMenu
 0001:00005AB8       DestroyWindow
 0001:00028618       DialogEnumerationTester
 0001:00025150       Dialogs
 0002:00000780       DIBPalSizes
 0002:00000090       dig
 0001:00007904       DirectoryExists
 0001:00043BF0       DisableTaskWindows
 0001:00005AC0       DispatchMessage
 0001:00049E24       DispatchShortCut
 0002:00002000       DispCallByIDProc
 0001:000070AC       DivMod
 0001:00024B18       Dlgs
 0002:00002664       DllProc
 0001:000305BC       DoAlign
 0001:0004B128       DoAlign
 0001:00034560       DoCalcConstraints
 0002:00002B58       DockSiteList
 0001:0004066C       DoClick
 0001:00031C94       DoControlMsg
 0001:00043BA0       DoDisableWindow
 0001:0002B7A0       DoDragOver
 0001:00036390       DoFindControlZone
 0001:00043CDC       DoFindWindow
 0001:0003691C       DoFindZone
 0001:00036414       DoForEach
 0001:00037D20       DoGetNextLimit
 0001:00043B68       DoneApplication
 0001:00053AEC       DoneAsync
 0001:00038A80       DoneControls
 0001:0000B820       DoneExceptions
 0001:000481A0       DoNestedActivation
 0001:00018EE0       DoneThreadSynchronization
 0001:0004AF78       DoPosition
 0001:0003017C       DoPosition
 0001:00037348       DoPrune
 0001:00037820       DoSaveZone
 0001:00037A24       DoSetNewBounds
 0002:000003C0       DotSep
 0001:0001EA2C       DoWrite
 0001:000140F4       DoWrite
 0001:0003AFBC       DoWrite
 0001:0003127C       DoWriteDesignSize
 0001:0002EDD4       DoWriteIsControl
 0002:00002B3C       DragCapture
 0002:00002B30       DragControl
 0001:0002BEE8       DragDone
 0001:0002B750       DragFindTarget
 0001:0002B724       DragFindWindow
 0002:00002B54       DragImageList
 0001:0002BB40       DragInit
 0001:0002BCB0       DragInitControl
 0002:00002B38       DragInternalObject
 0001:0002B66C       DragMessage
 0002:00002B34       DragObject
 0002:00002B60       DragSave
 0002:00002B48       DragSaveCursor
 0002:00002B40       DragStartPos
 0002:00002B4C       DragThreshold
 0001:0002B870       DragTo
 0001:0004BED8       DrawAppIcon
 0001:00036EB4       DrawCloseButton
 0001:00005AC8       DrawEdge
 0001:00005AD0       DrawFrameControl
 0001:00036F0C       DrawGrabberLine
 0001:00005AD8       DrawIcon
 0001:00005AE0       DrawIconEx
 0002:00000BB8       DrawingStyles
 0001:00005AE8       DrawMenuBar
 0001:000419AC       DrawMenuItem
 0001:00005AF0       DrawText
 0002:00002984       DrawThemeBackground
 0002:000029A8       DrawThemeEdge
 0002:000029AC       DrawThemeIcon
 0002:00002A30       DrawThemeParentBackground
 0002:00002988       DrawThemeText
 0002:00000F00       DTRStrings
 0001:00051024       DTRToStr
 0001:0001D884       DupBits
 0001:00004374       DynArrayClear
 0001:0000437C       DynArraySetLength
 0001:00057768       ECF_INFO
 0001:000539A0       EComPort.Create
 0001:00053A64       EComPort.CreateNoWinCode
 0002:00000CA4       EdgeStyle
 0002:00000B6C       EdgeStyles
 0001:0000B26C       EHeapException.FreeInstance
 0002:000027FC       EmptyParam
 0002:000000D0       EmptyStr
 0002:000000D4       EmptyWideStr
 0001:00005AF8       EnableMenuItem
 0002:00000C3C       Enables
 0001:00005B00       EnableScrollBar
 0001:00043CA4       EnableTaskWindows
 0002:00002A18       EnableThemeDialogTexture
 0002:00002A34       EnableTheming
 0001:00005B08       EnableWindow
 0001:00054724       Enche
 0001:000090FC       EncodeDate
 0001:00008F5C       EncodeTime
 0001:00013348       EndGlobalLoading
 0001:00005B10       EndPaint
 0001:00003554       EndThread
 0001:000055E8       EnterCriticalSection
 0001:000003A8       EnterCriticalSection
 0001:000055F0       EnumCalendarInfoA
 0002:00002918       EnumDisplayMonitors
 0001:0000AAF8       EnumEraNames
 0001:0000AB34       EnumEraYearOffsets
 0001:00046D90       EnumMonitorsProc
 0001:00005B18       EnumThreadWindows
 0001:000163D0       EnumValue
 0001:00005B20       EnumWindows
 0001:00054360       Enviacomando
 0001:00005B28       EqualRect
 0002:00002750       EraNames
 0001:0000A1B4       EraToYear
 0002:0000276C       EraYearOffsets
 0002:00000068       errCaption
 0001:00001868       Error
 0001:0003C6AC       Error
 0001:00015BB4       Error
 0001:000128D0       Error
 0002:00000004       ErrorAddr
 0001:0000181C       ErrorAt
 0001:00050E48       ErrorCode
 0001:0000B318       ErrorHandler
 0002:00000230       ErrorMap
 0002:00002008       ErrorProc
 0002:000023E0       ErrOutput
 0001:00054C34       espera_ecf
 0001:0004F6D4       EventsToInt
 0001:000017BC       ExceptAddr
 0002:0000200C       ExceptClsProc
 0001:0000B78C       ExceptHandler
 0001:0000B0E0       Exception.Create
 0001:0000B11C       Exception.CreateFmt
 0001:0000B19C       Exception.CreateRes
 0001:0000B1D8       Exception.CreateResFmt
 0002:0000201C       ExceptionClass
 0001:0000AE90       ExceptionErrorMessage
 0002:00000268       ExceptMap
 0001:0000179C       ExceptObject
 0002:00002010       ExceptObjProc
 0002:00002004       ExceptProc
 0001:000058D8       ExcludeClipRect
 0001:0000BD78       ExcludeTrailingPathDelimiter
 0002:00000000       ExitCode
 0001:0000332C       ExitDll
 0002:00002040       ExitProc
 0001:0000026C       ExitProcess
 0002:00002024       ExitProcessProc
 0001:00005354       ExitProcessTLS
 0001:00000264       ExitThread
 0001:0000532C       ExitThreadTLS
 0001:00007AFC       ExpandFileName
 0001:00026ED8       ExtActns
 0001:000257B4       ExtCtrls
 0001:00025A78       ExtDlgs
 0001:00007AC4       ExtractFileName
 0001:00007A90       ExtractFilePath
 0002:0000278C       FalseBoolStrs
 0002:00002A88       FClipboard
 0002:00000178       FCon1E18
 0001:00057028       FCX
 0001:000558C8       FecharCupom
 0001:0000788C       FileAge
 0001:00007884       FileClose
 0001:000077EC       FileCreate
 0001:000077C8       FileCreate
 0001:000078F4       FileExists
 0002:00000778       FileFormats
 0002:00000008       FileMode
 0001:00001B8C       FileNOPProc
 0001:00007770       FileOpen
 0001:000077F4       FileRead
 0002:000003EC       FilerSignature
 0001:0000784C       FileSeek
 0001:000055F8       FileTimeToDosDateTime
 0001:00005600       FileTimeToLocalFileTime
 0001:00007820       FileWrite
 0001:00000CD8       FillAfterGap
 0001:00000C84       FillBeforeGap
 0001:00000D70       FillerSizeAfterGap
 0001:00000D00       FillerSizeBeforeGap
 0001:00005B30       FillRect
 0001:00055C10       Finalizadia
 0001:000064D8       Finalization
 0001:00006188       Finalization
 0001:00006150       Finalization
 0001:0000CE4C       Finalization
 0001:0000D808       Finalization
 0001:00010168       Finalization
 0001:000103A4       Finalization
 0001:00010B6C       Finalization
 0001:00010BC4       Finalization
 0001:0001A81C       Finalization
 0001:0001ABB8       Finalization
 0001:00021CA4       Finalization
 0001:00021E90       Finalization
 0001:00022148       Finalization
 0001:0002223C       Finalization
 0001:000229FC       Finalization
 0001:000239E4       Finalization
 0001:00023A2C       Finalization
 0001:00023A64       Finalization
 0001:00023D88       Finalization
 0001:00023F34       Finalization
 0001:000248B8       Finalization
 0001:00024928       Finalization
 0001:00024960       Finalization
 0001:00024998       Finalization
 0001:000249D0       Finalization
 0001:00024A08       Finalization
 0001:00024A40       Finalization
 0001:00024A78       Finalization
 0001:00024AB0       Finalization
 0001:00024AE8       Finalization
 0001:000250F4       Finalization
 0001:0002576C       Finalization
 0001:000257E4       Finalization
 0001:00005484       Finalization
 0001:0002581C       Finalization
 0001:0000540C       Finalization
 0001:00025918       Finalization
 0001:000259E8       Finalization
 0001:00025A48       Finalization
 0001:00026A44       Finalization
 0001:00026DCC       Finalization
 0001:00026E30       Finalization
 0001:00026E88       Finalization
 0001:00005150       Finalization
 0001:00026EE0       Finalization
 0001:00027018       Finalization
 0001:00027A58       Finalization
 0001:00027AA4       Finalization
 0001:00027C0C       Finalization
 0001:00028890       Finalization
 0001:00038CD4       Finalization
 0001:0003A004       Finalization
 0001:0003B70C       Finalization
 0001:00041C88       Finalization
 0001:0004DF68       Finalization
 0001:0004E008       Finalization
 0001:0004E040       Finalization
 0001:0004E170       Finalization
 0001:0004E230       Finalization
 0001:00054040       Finalization
 0001:00057F3C       Finalization
 0001:000229BC       Finalization
 0001:0000436C       FinalizeArray
 0001:000030D8       FinalizeUnits
 0001:0004042C       Find
 0001:00004618       FindBS
 0001:00012DEC       FindClass
 0001:000045A0       FindClassHInstance
 0001:00005608       FindClose
 0001:0000027C       FindClose
 0001:00000C54       FindCommitted
 0001:0002A840       FindControl
 0001:00036B48       FindControlAtPos
 0001:0000FFC0       FindCustomVariantType
 0001:00010078       FindCustomVariantType
 0001:0002C20C       FindDragTarget
 0001:00016DD0       FindExistingComponent
 0001:00000284       FindFirstFile
 0001:00005610       FindFirstFile
 0001:000131D8       FindGlobalComponent
 0001:00043DE8       FindGlobalComponent
 0002:00002860       FindGlobalComponentProcs
 0001:00004578       FindHInstance
 0001:00013080       FindIdentToInt
 0002:00002A74       FindMsg
 0001:00015F60       FindNestedComponent
 0001:0003C674       FindPopupControl
 0001:0000D4D0       FindProc
 0001:00005618       FindResource
 0001:000045F0       FindResourceHInstance
 0001:0004D7BC       FindScanline
 0001:00043D40       FindTopMostWindow
 0001:00017CB4       FindUniqueName
 0001:0002C1D8       FindVCLWindow
 0001:00005B38       FindWindow
 0001:00028670       FindWinHelp
 0001:0001F260       FixupBitFields
 0002:00000CB4       Flags
 0002:0000279C       FLanguages
 0001:00023DB8       FlatSB
 0002:00002944       FlatSB_EnableScrollBar
 0002:00002950       FlatSB_GetScrollInfo
 0002:00002954       FlatSB_GetScrollPos
 0002:0000294C       FlatSB_GetScrollRange
 0002:0000295C       FlatSB_SetScrollInfo
 0002:00002958       FlatSB_SetScrollPos
 0001:00023AA8       FlatSB_SetScrollProp
 0002:00002960       FlatSB_SetScrollRange
 0002:00002948       FlatSB_ShowScrollBar
 0001:00008970       FloatToDecimal
 0001:00008CB0       FloatToStr
 0001:00008D10       FloatToStrF
 0001:000083A8       FloatToText
 0001:0000867C       FloatToTextFmt
 0002:00000F8C       FlowControlStrings
 0001:00054024       FlowControlToStr
 0001:00001E58       Flush
 0002:0000018C       FMSecsPerDay
 0001:000082A4       FmtStr
 0002:00000CD0       FocusCount
 0002:00000CCC       FocusMessages
 0002:00000694       FontCharsets
 0002:000028DC       FontManager
 0001:00007928       ForceDirectories
 0001:00043DBC       ForegroundTask
 0001:00008290       Format
 0002:00000194       Format
 0001:00007E98       FormatBuf
 0001:00007E8C       FormatClearStr
 0001:00009F3C       FormatDateTime
 0001:00007E10       FormatError
 0002:00000170       FormatErrorStrs
 0001:00008D48       FormatFloat
 0001:00005620       FormatMessage
 0001:00007E68       FormatVarToStr
 0001:0004DFC4       Forms
 0001:0000226C       FPower10
 0002:000007C8       FPrinter
 0001:00005B40       FrameRect
 0001:0000CA2C       FreeAndNil
 0001:000009C0       FreeCommitted
 0001:00000EE0       FreeCurAlloc
 0001:0002C2CC       FreeDeviceContext
 0001:0002C388       FreeDeviceContexts
 0001:0001A5E8       FreeIntConstList
 0001:0000028C       FreeLibrary
 0001:00005628       FreeLibrary
 0001:0001EDBC       FreeMemoryContexts
 0001:0001A71C       FreeObjectInstance
 0001:00005648       FreeResource
 0001:00000640       FreeSpace
 0001:0000C598       FreeTerminateProcs
 0001:00023F6C       FreeThemeLibrary
 0002:00002AE8       FRichEditModule
 0002:00002BEC       func
 0001:0001D874       GDICheck
 0001:0001D7CC       GDIError
 0001:00001AA4       Get8087CW
 0001:00005650       GetACP
 0001:00005B48       GetActiveWindow
 0001:0004B604       GetAnimation
 0001:000058E0       GetBitmapBits
 0001:000003C0       GetBlockDesc
 0001:000058E8       GetBrushOrgEx
 0001:00005B50       GetCapture
 0001:0002AB08       GetCaptureControl
 0001:00012D98       GetClass
 0001:00005B58       GetClassInfo
 0001:00005B60       GetClassName
 0001:00005B68       GetClientRect
 0001:000058F0       GetClipBox
 0001:0000035C       GetCmdShow
 0001:0003A1D4       GetColor
 0001:00026FB8       GetComCtlVersion
 0001:00000294       GetCommandLine
 0001:0000080C       GetCommitted
 0001:0000089C       GetCommittedAt
 0001:00005660       GetCommModemStatus
 0001:00031848       GetControlAtPos
 0001:000093D4       GetCount
 0001:00005658       GetCPInfo
 0001:000058F8       GetCurrentPositionEx
 0001:00005668       GetCurrentProcessId
 0002:00002A28       GetCurrentThemeName
 0001:0000034C       GetCurrentThreadId
 0001:00005670       GetCurrentThreadId
 0001:00005F14       GetCurrentTime
 0001:00005B70       GetCursor
 0001:0004D7CC       GetCursorHeightMargin
 0001:00005B78       GetCursorPos
 0001:00009400       GetDate
 0001:00005678       GetDateFormat
 0001:0000A0CC       GetDateOrder
 0001:00005B80       GetDC
 0001:00005B88       GetDCEx
 0001:00005900       GetDCOrgEx
 0001:000218B4       GetDefFontCharSet
 0001:00005B90       GetDesktopWindow
 0001:00005918       GetDeviceCaps
 0001:0001E7BC       GetDIB
 0001:00005908       GetDIBColorTable
 0001:00005910       GetDIBits
 0001:0001E704       GetDIBSizes
 0001:0001D9E4       GetDInColors
 0001:00005680       GetDiskFreeSpaceA
 0002:00000144       GetDiskFreeSpaceEx
 0001:00037E00       GetDockAlign
 0001:0002B4B0       GetDockSiteAtPos
 0001:0002B7DC       GetDropCtl
 0001:000028E4       GetDynaMethod
 0001:00010414       GetEnumNameValue
 0001:00010460       GetEnumValue
 0001:0000ABAC       GetEraNamesAndYearOffsets
 0001:0000A160       GetEraYearOffset
 0001:0000B4DC       GetExceptionClass
 0001:0000B6C0       GetExceptionObject
 0001:00005688       GetExitCodeThread
 0001:00012D20       GetFieldClassTable
 0001:00005690       GetFileAttributes
 0001:0000020C       GetFileSize
 0001:00000204       GetFileType
 0001:0000B930       GetFileVersion
 0001:00005850       GetFileVersionInfo
 0001:00005858       GetFileVersionInfoSize
 0001:00005B98       GetFocus
 0001:0001C3A8       GetFontData
 0001:00005BA0       GetForegroundWindow
 0001:0000C150       GetFormatSettings
 0001:00005698       GetFullPathName
 0001:0001B914       GetHashCode
 0001:00048B7C       GetHelpInfo
 0001:00022E7C       GetHelpSystem
 0001:0004B3E8       GetHint
 0001:0004B420       GetHintControl
 0001:00041B28       GetHotkey
 0001:00005BA8       GetIconInfo
 0001:00005BC0       GetKeyboardLayout
 0001:00005BC8       GetKeyboardLayoutList
 0001:00005BD0       GetKeyboardState
 0001:00002558       GetKeyboardType
 0001:00005BB0       GetKeyNameText
 0001:00005BB8       GetKeyState
 0001:00005BD8       GetLastActivePopup
 0001:000360C8       GetLastChildZone
 0001:000056A0       GetLastError
 0001:0000029C       GetLastError
 0001:0000A970       GetLocaleChar
 0001:000056B0       GetLocaleInfo
 0001:000002A4       GetLocaleInfo
 0001:0000A924       GetLocaleStr
 0001:000056A8       GetLocalTime
 0001:0002AAC4       GetLongHint
 0001:00005BE0       GetMenu
 0001:00048B04       GetMenuHelpContext
 0001:00005BE8       GetMenuItemCount
 0001:00005BF0       GetMenuItemID
 0001:00005BF8       GetMenuItemInfo
 0001:0003EC78       GetMenuSize
 0001:00005C00       GetMenuState
 0001:00005C08       GetMenuString
 0001:000056B8       GetModuleFileName
 0001:000002AC       GetModuleFileName
 0001:000056C0       GetModuleHandle
 0001:000002B4       GetModuleHandle
 0002:0000290C       GetMonitorInfo
 0002:00002910       GetMonitorInfoA
 0002:00002914       GetMonitorInfoW
 0001:0000A9D4       GetMonthDayNames
 0001:00005C10       GetNextWindow
 0001:00005920       GetObject
 0001:00010534       GetOrdProp
 0001:000056C8       GetOverlappedResult
 0001:00005928       GetPaletteEntries
 0001:00001948       GetParamStr
 0001:00005C18       GetParent
 0001:00043FD0       GetParentForm
 0001:00005930       GetPixel
 0001:000056D0       GetPrivateProfileString
 0001:000002BC       GetProcAddress
 0001:000056D8       GetProcAddress
 0001:00005C20       GetProp
 0001:000104C4       GetPropInfo
 0001:00044490       GetRealScrollPosition
 0001:0003A1B4       GetRGBColor
 0001:00005C28       GetScrollInfo
 0001:00005C30       GetScrollPos
 0001:00005C38       GetScrollRange
 0001:0002AA80       GetShortHint
 0001:00000564       GetSpace
 0001:000005C8       GetSpaceAt
 0001:0003C704       GetSpecialName
 0001:000002C4       GetStartupInfo
 0001:000056E0       GetStdHandle
 0001:00000214       GetStdHandle
 0001:00005938       GetStockObject
 0001:000056E8       GetStringTypeEx
 0001:00005C40       GetSubMenu
 0001:00005C48       GetSysColor
 0001:00005C50       GetSysColorBrush
 0001:000056F0       GetSystemInfo
 0001:00005C58       GetSystemMenu
 0001:00005C60       GetSystemMetrics
 0002:000028FC       GetSystemMetrics
 0001:00005940       GetSystemPaletteEntries
 0001:00005948       GetTextExtentPoint32
 0001:00005950       GetTextMetrics
 0002:00002A20       GetThemeAppProperties
 0002:0000298C       GetThemeBackgroundContentRect
 0002:00002990       GetThemeBackgroundExtent
 0002:000029A0       GetThemeBackgroundRegion
 0002:000029C4       GetThemeBool
 0002:000029B8       GetThemeColor
 0002:00002A2C       GetThemeDocumentationProperty
 0002:000029CC       GetThemeEnumValue
 0002:000029EC       GetThemeFilename
 0002:000029D4       GetThemeFont
 0002:000029C8       GetThemeInt
 0002:000029E0       GetThemeIntList
 0002:000029DC       GetThemeMargins
 0002:000029BC       GetThemeMetric
 0002:00002994       GetThemePartSize
 0002:000029D0       GetThemePosition
 0002:000029E4       GetThemePropertyOrigin
 0002:000029D8       GetThemeRect
 0002:000029C0       GetThemeString
 0002:000029F8       GetThemeSysBool
 0002:000029F0       GetThemeSysColor
 0002:000029F4       GetThemeSysColorBrush
 0002:00002A00       GetThemeSysFont
 0002:00002A08       GetThemeSysInt
 0002:000029FC       GetThemeSysSize
 0002:00002A04       GetThemeSysString
 0002:00002998       GetThemeTextExtent
 0002:0000299C       GetThemeTextMetrics
 0001:000056F8       GetThreadLocale
 0001:000002CC       GetThreadLocale
 0001:00005700       GetTickCount
 0001:00009438       GetTime
 0001:000052B4       GetTlsSize
 0001:0004BBB4       GetTopMostWindows
 0001:0002AC10       GetTopParent
 0001:00005C68       GetTopWindow
 0001:000507F8       GetTOValue
 0001:00010408       GetTypeData
 0001:00005708       GetVersion
 0001:00000354       GetVersion
 0001:00005710       GetVersionEx
 0001:00005C70       GetWindow
 0001:00005C78       GetWindowDC
 0001:00005C80       GetWindowLong
 0001:00005958       GetWindowOrgEx
 0001:00005C88       GetWindowPlacement
 0001:00005C90       GetWindowRect
 0001:00005C98       GetWindowText
 0002:00002A14       GetWindowTheme
 0001:00005CA0       GetWindowThreadProcessId
 0001:00005CA8       GetWindowThreadProcessId
 0001:00005718       GlobalAddAtom
 0001:00005720       GlobalAlloc
 0001:00005F20       GlobalAllocPtr
 0001:00005728       GlobalDeleteAtom
 0001:00005730       GlobalFindAtom
 0002:00002864       GlobalFixupList
 0001:000160A8       GlobalFixupReferences
 0001:00005738       GlobalFree
 0001:00005F4C       GlobalFreePtr
 0001:00005748       GlobalHandle
 0001:00005740       GlobalLock
 0002:00002848       GlobalNameSpace
 0001:00005750       GlobalReAlloc
 0001:00005F30       GlobalReAllocPtr
 0001:00005758       GlobalUnlock
 0001:00021D78       Graphics
 0001:00012F14       GroupDescendentsWith
 0001:00048D84       HandleEdge
 0001:0001750C       HandleException
 0002:00000024       HeapAllocFlags
 0002:000025C0       heapErrorCode
 0002:000025C4       heapLock
 0001:00023A24       HelpIntfs
 0002:00002938       HelpManager
 0002:00002A70       HelpMsg
 0002:00002B0C       HelpViewer
 0002:00002B10       HelpViewerIntf
 0002:00000140       HexDisplayPrefix
 0001:00018E54       HexToBin
 0001:00037E7C       HideZone
 0002:00002660       HInstance
 0002:00002BC8       HintDoneEvent
 0001:0004B4F0       HintGetMsgHook
 0002:00002BCC       HintHook
 0001:0004B494       HintMouseThread
 0002:00002BD0       HintThread
 0002:00002BC4       HintThreadID
 0001:0004B440       HintTimerProc
 0002:00000CC4       HintWindowClass
 0002:000029A4       HitTestThemeBackground
 0001:0004B534       HookHintHooks
 0001:00006058       HwndMSWheel
 0002:00000C58       IBreaks
 0002:00000C64       IChecks
 0002:00000C6C       IDefaults
 0001:0001C398       IdentToCharset
 0001:0001C190       IdentToColor
 0001:0002AA70       IdentToCursor
 0001:000130FC       IdentToInt
 0002:00000C74       IEnables
 0001:0003FA1C       IfHotkeyAvailable
 0001:00021E84       IfThen
 0001:000258B0       IfThen
 0002:00002BA0       ImageListWriteExProc
 0001:00022198       ImageList_Add
 0001:000221B8       ImageList_AddIcon
 0001:000221DC       ImageList_BeginDrag
 0001:00022180       ImageList_Create
 0001:00022188       ImageList_Destroy
 0001:000221EC       ImageList_DragEnter
 0001:000221F4       ImageList_DragLeave
 0001:000221FC       ImageList_DragMove
 0001:0002220C       ImageList_DragShowNolock
 0001:000221C4       ImageList_Draw
 0001:000221CC       ImageList_DrawEx
 0001:000221E4       ImageList_EndDrag
 0001:000221B0       ImageList_GetBkColor
 0001:00022214       ImageList_GetDragImage
 0001:0002222C       ImageList_GetIconSize
 0001:00022190       ImageList_GetImageCount
 0001:0002221C       ImageList_Read
 0001:000221D4       ImageList_Remove
 0001:000221A0       ImageList_ReplaceIcon
 0001:000221A8       ImageList_SetBkColor
 0001:00022204       ImageList_SetDragCursorImage
 0001:00022234       ImageList_SetIconSize
 0001:00022224       ImageList_Write
 0002:00000BC8       Images
 0001:0003B73C       ImgList
 0001:00022A2C       Imm
 0002:00000BAC       IMM32DLL
 0001:00038A6C       Imm32IsIME
 0002:00000190       IMSecsPerDay
 0001:0000E5F0       InBounds
 0001:0000E350       InBounds
 0001:0000E380       Increment
 0001:0000E620       Increment
 0001:00005CB8       InflateRect
 0001:00055E9C       InicioDia
 0001:00026A8C       IniFiles
 0001:00000A4C       InitAllocator
 0001:00022274       InitAnApi
 0002:00002924       InitApis
 0001:00053AAC       InitAsync
 0001:000133A4       InitComponent
 0002:00002630       InitContext
 0001:00038B08       InitControls
 0001:000218F8       InitDefFontData
 0001:0000C5B8       InitDriveSpacePtr
 0001:0000B79C       InitExceptions
 0001:00023B04       InitFlatSB
 0001:00024FA0       InitGlobals
 0001:0001E5BC       InitializeBitmapInfoHeader
 0001:000003A0       InitializeCriticalSection
 0001:00005760       InitializeCriticalSection
 0002:000025BC       initialized
 0001:00023ADC       InitializeFlatSB
 0001:000053B8       InitializeModule
 0001:0000D4FC       InitializeVarUtils
 0001:0003870C       InitIMM32
 0001:0001344C       InitInheritedComponent
 0001:0000BF64       InitLeadBytes
 0001:00022950       InitMultiMonStubs
 0001:0000B8A0       InitPlatformId
 0001:00005300       InitProcessTLS
 0001:0004DEDC       InitProcs
 0001:0002187C       InitScreenLogPixels
 0001:0000BFDC       InitSysLocale
 0001:0002412C       InitThemeLibrary
 0001:00018EAC       InitThreadSynchronization
 0001:000052BC       InitThreadTLS
 0001:00003138       InitUnits
 0001:0002A754       InitWndProc
 0002:00000B4C       InnerStyles
 0002:00002048       Input
 0001:00005CB0       InSendMessage
 0001:0004AF18       InsertBefore
 0001:000300F0       InsertBefore
 0001:00000E58       InsertFree
 0001:0003FAD0       InsertHotkeyFarEastFormat
 0001:00005CC0       InsertMenu
 0001:00005CC8       InsertMenuItem
 0002:00002884       InstBlockList
 0002:00002888       InstFreeList
 0002:00002858       IntConstList
 0001:0000C620       InterlockedDecrement
 0001:00005630       InterlockedDecrement
 0001:00000344       InterlockedDecrement
 0001:00005638       InterlockedExchange
 0001:0000C62C       InterlockedExchange
 0001:0000C634       InterlockedExchangeAdd
 0001:00005640       InterlockedIncrement
 0001:0000033C       InterlockedIncrement
 0001:0000C614       InterlockedIncrement
 0001:00001BCC       InternalClose
 0001:0001B8A0       InternalDeletePalette
 0001:00001E10       InternalFlush
 0001:00000CB4       InternalFreeMem
 0001:0001E70C       InternalGetDIB
 0001:0001E6A0       InternalGetDIBSizes
 0001:0001323C       InternalReadComponentRes
 0002:00002AF4       InternalServices
 0001:00003A28       InternalUniqueString
 0001:00005960       IntersectClipRect
 0001:00005CD0       IntersectRect
 0001:0004F740       IntToEvents
 0001:00007520       IntToHex
 0001:0001313C       IntToIdent
 0001:0000740C       IntToStr
 0001:000074F8       IntToStr
 0001:00005CD8       InvalidateRect
 0001:0001D760       InvalidBitmap
 0001:0001D748       InvalidGraphic
 0001:0001D76C       InvalidIcon
 0001:0001D730       InvalidOperation
 0001:000122A8       InvalidPoint
 0002:00002798       InvalidPointer
 0001:0000279C       InvokeImplGetter
 0001:000018E8       IOResult
 0002:00000C94       IOwnerDraw
 0002:00000C7C       IRadios
 0002:00000C8C       IRTL
 0001:00043F60       IsAccel
 0001:00040C80       IsAccelChar
 0002:00002A10       IsAppThemed
 0001:0002B268       IsBeforeTargetWindow
 0001:00005CE0       IsChild
 0002:00002044       IsConsole
 0001:0002B6C4       IsDelphiHandle
 0001:00005CE8       IsDialogMessage
 0002:00000C84       ISeparators
 0001:00005CF0       IsIconic
 0001:00040CDC       IsInitialChar
 0001:00008FF8       IsLeapYear
 0002:00002034       IsLibrary
 0002:00002045       IsMultiThread
 0001:00035B2C       IsOrientationSet
 0001:0000BD44       IsPathDelimiter
 0001:00005CF8       IsRectEmpty
 0001:0002B46C       IsSiteChildOfClient
 0002:00002A0C       IsThemeActive
 0002:000029B4       IsThemeBackgroundPartiallyTransparent
 0002:00002A1C       IsThemeDialogTextureEnabled
 0002:000029B0       IsThemePartDefined
 0001:00013218       IsUniqueGlobalComponentName
 0002:0000284C       IsUniqueGlobalComponentNameProc
 0001:0000735C       IsValidIdent
 0001:0000BFC4       IsWesternGroup
 0001:00005D00       IsWindow
 0001:00005D08       IsWindowEnabled
 0001:00005D10       IsWindowVisible
 0001:00005D18       IsZoomed
 0001:0003CAD0       Iterate
 0001:0003CB30       IterateMenus
 0002:0000002C       JITEnable
 0001:00043F14       KeyboardStateToShiftState
 0001:00043ED8       KeyDataToShiftState
 0001:00043E84       KeysToShiftState
 0001:00005D20       KillTimer
 0001:00056044       Lancaitem
 0001:00007A40       LastDelimiter
 0001:000050DC       LCIDToCodePage
 0001:0000BEF0       LCIDToCodePage
 0002:00000120       LeadBytes
 0001:000003B0       LeaveCriticalSection
 0001:00005768       LeaveCriticalSection
 0001:00056A44       LeituraX
 0002:00000038       LibModuleList
 0001:00005968       LineTo
 0001:00026F10       ListActns
 0001:0002C254       ListAdd
 0001:0002C27C       ListRemove
 0002:0000274E       ListSeparator
 0001:00057BAC       LMFD
 0001:00057CD8       LMFR
 0001:00057E34       LMMM
 0001:00005D28       LoadBitmap
 0001:00005D30       LoadCursor
 0001:00005D38       LoadIcon
 0001:00005D40       LoadKeyboardLayout
 0001:00005770       LoadLibrary
 0001:000002D4       LoadLibraryEx
 0001:00005778       LoadResource
 0001:000047E4       LoadResourceModule
 0001:00005084       LoadResString
 0001:00005D48       LoadString
 0001:000002DC       LoadString
 0001:00000380       LocalAlloc
 0001:00005278       LocalAlloc
 0001:00000388       LocalFree
 0001:00005280       LocalFree
 0001:0000A998       LocalGetLocaleStr
 0002:00002A44       Lock
 0001:00005780       LockResource
 0001:00054124       Log
 0002:00002690       LongDateFormat
 0002:00002724       LongDayNames
 0002:000026D8       LongMonthNames
 0002:000026A4       LongTimeFormat
 0001:00007160       LowerCase
 0001:00005848       lstrcpy
 0001:000002E4       lstrcpyn
 0002:00002820       LVarTypes
 0002:00002824       LVarTypeSync
 0002:0000202C       MainInstance
 0002:00002030       MainThreadID
 0001:00000410       MakeEmpty
 0001:000032D0       MakeErrorMessage
 0002:00000B98       MakeLast
 0001:00005F08       MakeLong
 0001:0001A684       MakeObjectInstance
 0001:00005F60       MakeROP4
 0001:00005F98       MakeWParam
 0001:0000B45C       MapException
 0001:00026E80       Mapi
 0002:000009F4       MAPIDLL
 0002:000009F8       MAPIModule
 0001:00002F50       MapToRunError
 0001:00005D50       MapVirtualKey
 0001:00005D58       MapWindowPoints
 0002:00000BD0       Mask
 0001:00005970       MaskBlt
 0001:00021EC0       Math
 0001:00021E7C       Max
 0001:00046818       MaximizedChildren
 0002:00000040       MemoryManager
 0002:00000BEC       MenuKeyCaps
 0001:00041CF8       Menus
 0001:00000460       MergeBlockAfter
 0001:00000F2C       MergeCommit
 0001:00000274       MessageBox
 0001:00005D60       MessageBox
 0001:000061B8       Messages
 0001:00013AB0       Min
 0001:00021E74       Min
 0001:0002FA78       MinVar
 0002:0000292C       MMAvailable
 0002:00000BB0       ModeMap
 0001:00048510       ModifySystemMenu
 0002:000000A8       Module
 0002:0000265D       ModuleIsCpp
 0002:0000265C       ModuleIsLib
 0001:0001A654       ModuleUnload
 0002:0000003C       ModuleUnloadList
 0002:00002908       MonitorFromPoint
 0002:00002904       MonitorFromRect
 0002:00002900       MonitorFromWindow
 0002:000000F0       MonthDays
 0002:00002B14       Mouse
 0001:00001908       Move
 0001:00005978       MoveToEx
 0001:0002C29C       MoveWindowOrg
 0001:00005D68       MsgWaitForMultipleObjects
 0001:00005788       MulDiv
 0001:000002F4       MultiByteToWideChar
 0001:0004D980       MultiLineWidth
 0001:000229EC       MultiMon
 0002:00002685       NegCurrFormat
 0001:00000FB8       NewCommit
 0001:00000FE4       NewCommitAt
 0002:00002B18       NewStyleControls
 0001:0000BD08       NextCharIndex
 0001:00035B10       NextVisibleZone
 0002:000003F0       NilMethod
 0002:00000030       NoErrMsg
 0001:0003D8E4       NormalDraw
 0001:00056448       Notadecupom
 0001:00002B08       NotifyAnyExcept
 0001:00002ADC       NotifyExcept
 0001:00002B3C       NotifyExceptFinally
 0001:00013318       NotifyGlobalLoading
 0001:00004AE4       NotifyModuleUnload
 0001:00002AB8       NotifyNonDelphiException
 0001:00002AF4       NotifyOnExcept
 0001:00002A9C       NotifyReRaise
 0001:00002B64       NotifyTerminate
 0001:00002B80       NotifyUnhandled
 0001:000092C0       Now
 0001:0004065C       NthParentOf
 0001:00010160       Null
 0002:0000032C       NullAsStringValue
 0002:00000328       NullStrictConvert
 0001:0002A80C       ObjectFromHWnd
 0001:00005D70       OemToAnsi
 0002:00000DFC       OffBitmaps
 0001:00005D78       OffsetRect
 0002:00000DE0       OnBitmaps
 0001:00001AD4       OpenText
 0002:0000297C       OpenThemeData
 0002:00000B90       OrientArray
 0002:00000B5C       OuterStyles
 0002:00002794       OutOfMemory
 0001:0001D778       OutOfResources
 0002:00002214       Output
 0002:00000330       PackVarCreation
 0002:00000788       Pal16
 0001:0001BC84       PaletteChanged
 0001:0001DF64       PaletteFromDIBColorTable
 0001:0001E008       PaletteToDIBColorTable
 0002:00000784       PalSize
 0001:00001A34       ParamStr
 0001:00035EF4       ParentNotLast
 0002:00000F78       ParityBitsStrings
 0001:00053FC0       ParityToStr
 0001:00005980       PatBlt
 0002:000028EC       PatternManager
 0001:00005D80       PeekMessage
 0002:000028E0       PenManager
 0002:00000754       PenModes
 0002:00000734       PenStyles
 0001:0005345C       PerformRead
 0001:00012230       Point
 0001:00005460       Point
 0001:00012668       PointerInModule
 0001:00031268       PointsEqual
 0001:00005F80       PointToSmallPoint
 0002:00002BA4       PopupList
 0001:00005D88       PostMessage
 0001:00005D90       PostQuitMessage
 0001:00054CF8       Prepara_Resp
 0001:00050B24       PrepareAsync
 0001:00023AA0       Printers
 0002:0000047C       Priorities
 0001:00049C24       ProcessExecute
 0001:00044190       ProcessHorz
 0001:00049D24       ProcessUpdate
 0001:000441FC       ProcessVert
 0001:000163A4       PropertyNotFound
 0001:0001760C       PropPathError
 0002:00000CF4       Props
 0001:00016398       PropValueError
 0001:00005D98       PtInRect
 0002:000000A4       PtrToNil
 0001:00005790       PurgeComm
 0001:00008364       PutExponent
 0002:00002B5C       QualifyingSites
 0001:0000B418       RaiseAssertException
 0001:0000021C       RaiseException
 0001:000153B8       RaiseException
 0002:00002014       RaiseExceptionProc
 0001:0000C4D0       RaiseLastOSError
 0001:00036C64       ReadControlName
 0001:0001884C       ReadCustomVariant
 0001:00016380       ReadError
 0001:00026AF4       ReadError
 0001:00005798       ReadFile
 0001:00000224       ReadFile
 0001:0001E2B4       ReadIcon
 0001:00005988       RealizePalette
 0001:00016BC0       Recover
 0001:00012258       Rect
 0001:00005444       Rect
 0001:00005990       RectVisible
 0001:00005DA0       RedrawWindow
 0002:00002818       RefAnyProc
 0002:00002A40       ReferenceCount
 0001:000002FC       RegCloseKey
 0001:00005588       RegCloseKey
 0001:00026B20       RegDataToDataType
 0002:0000285C       RegGroups
 0001:00005DA8       RegisterClass
 0001:00012E0C       RegisterClass
 0001:00005DB0       RegisterClipboardFormat
 0001:0002B60C       RegisterDockSite
 0001:00013180       RegisterFindGlobalComponentProc
 0001:00013054       RegisterIntegerConsts
 0001:00004B40       RegisterModule
 0001:00022DF8       RegisterViewer
 0001:00005DB8       RegisterWindowMessage
 0001:00026E14       Registry
 0001:00000304       RegOpenKeyEx
 0001:00005590       RegOpenKeyEx
 0001:0000030C       RegQueryValueEx
 0001:00005598       RegQueryValueEx
 0001:000055A0       RegSetValueEx
 0001:00024A00       RegStr
 0001:00005DC0       ReleaseCapture
 0001:00005DC8       ReleaseDC
 0002:0000004C       reMap
 0002:00002614       remBytes
 0001:000004D0       RemoveBlock
 0002:000003CC       RemoveDataModule
 0001:00016250       RemoveFixupReferences
 0001:000162FC       RemoveFixups
 0001:000165F4       RemoveGlobalFixup
 0001:00005DD0       RemoveMenu
 0001:00004A84       RemoveModuleUnloadProc
 0001:00004A5C       RemoveModuleUnloadProc
 0001:00005DD8       RemoveProp
 0001:00018F38       RemoveThread
 0001:00005DE0       ReplyMessage
 0001:000057A0       ResetEvent
 0001:00018EF8       ResetSyncEvent
 0001:0000146C       ResizeInPlace
 0001:00005998       RestoreDC
 0001:00043B14       RestoreFocusState
 0001:000057A8       ResumeThread
 0002:00002BF4       retorno
 0002:00002BF8       retorno_serial
 0001:0003C6A4       ReturnAddr
 0001:00014254       ReturnAddr
 0001:000135DC       ReturnAddr
 0001:0001DCE4       RGBQuadToTriple
 0001:0001DCAC       RGBTripleToQuad
 0001:00024958       RichEdit
 0002:00002B2C       RM_GetObjectInstance
 0002:00002BC0       RM_TaskbarCreated
 0002:00002610       rover
 0002:000009FC       RTFConversionFormat
 0001:000103D4       RTLConsts
 0001:0000022C       RtlUnwind
 0002:00002018       RTLUnwindProc
 0002:00000F0C       RTSStrings
 0001:00051084       RTSToStr
 0002:00000070       runErrMsg
 0001:00001810       RunErrorAt
 0001:0000D4B0       SafeArrayCreate
 0001:0000D4B8       SafeArrayGetLBound
 0001:0000D4C0       SafeArrayGetUBound
 0001:0000D4C8       SafeArrayPtrOfIndex
 0001:0000CAF8       SafeLoadLibrary
 0001:00007240       SameText
 0001:00056D30       Sangria
 0001:000059A0       SaveDC
 0001:00043B0C       SaveFocusState
 0001:00009F50       ScanBlanks
 0001:0000A094       ScanChar
 0001:0000A210       ScanDate
 0001:00009F74       ScanNumber
 0001:0000A008       ScanString
 0001:0000A554       ScanTime
 0001:0000A118       ScanToNumber
 0002:00002BB8       Screen
 0002:00002898       ScreenLogPixels
 0001:00005DE8       ScreenToClient
 0001:00044348       ScrollBarVisible
 0001:00005DF0       ScrollWindow
 0001:00001018       SearchSmallBlocks
 0001:000059A8       SelectObject
 0001:000059B0       SelectPalette
 0001:0002A89C       SendAppMessage
 0001:00043D7C       SendFocusMessage
 0001:00005DF8       SendMessage
 0002:00000C50       Separators
 0002:00002BFC       Serial
 0001:00001A94       Set8087CW
 0001:00005E00       SetActiveWindow
 0001:0004B634       SetAnimation
 0001:000059B8       SetBkColor
 0001:000059C0       SetBkMode
 0001:000059C8       SetBrushOrgEx
 0001:00005E08       SetCapture
 0001:0002AB30       SetCaptureControl
 0001:00005E10       SetClassLong
 0001:0000FCEC       SetClearVarToEmptyParam
 0001:000057B0       SetCommMask
 0001:000057B8       SetCommState
 0001:000057C0       SetCommTimeouts
 0001:00016D30       SetCompName
 0001:00005E18       SetCursor
 0001:000059D0       SetDIBColorTable
 0001:00000234       SetEndOfFile
 0001:000057C8       SetEndOfFile
 0001:000057D0       SetErrorMode
 0001:000057D8       SetEvent
 0001:00003090       SetExceptionHandler
 0001:0000023C       SetFilePointer
 0001:000057E0       SetFilePointer
 0001:00010838       SetFloatProp
 0001:00005E20       SetFocus
 0001:00005E28       SetForegroundWindow
 0001:00038990       SetImeMode
 0001:00001894       SetInOutRes
 0001:00010ABC       SetInt64Prop
 0001:00010AF8       SetInterfaceProp
 0001:000178EC       SetInterfaceReference
 0001:00017808       SetIntIdent
 0002:00000CC8       SetLayeredWindowAttributes
 0001:000106A0       SetLongStrProp
 0001:00005E30       SetMenu
 0001:00005E38       SetMenuItemInfo
 0001:00010A84       SetMethodProp
 0001:00017850       SetObjectIdent
 0001:000105A8       SetOrdProp
 0001:00005E40       SetParent
 0001:000059D8       SetPixel
 0001:00005E48       SetProp
 0001:00005E50       SetRect
 0001:000059E0       SetROP2
 0001:00005E58       SetScrollInfo
 0001:00005E60       SetScrollPos
 0001:00005E68       SetScrollRange
 0001:00010604       SetShortStrProp
 0001:00010658       SetShortStrPropAsLongStr
 0001:000059E8       SetStretchBltMode
 0001:00010738       SetStrProp
 0001:00016B38       SetSubComponentState
 0001:000059F0       SetTextColor
 0002:00002A24       SetThemeAppProperties
 0001:000057E8       SetThreadLocale
 0001:000057F0       SetThreadPriority
 0001:00005E70       SetTimer
 0001:000057F8       SetupComm
 0001:0000FCD4       SetVarAsError
 0001:00010A44       SetVariantProp
 0001:00017890       SetVariantReference
 0001:000059F8       SetViewportOrgEx
 0001:0004D490       SetVisible
 0001:00010764       SetWideStrProp
 0001:000106E0       SetWideStrPropAsLongStr
 0001:00005E78       SetWindowLong
 0001:00005A00       SetWindowOrgEx
 0001:00005E80       SetWindowPlacement
 0001:00005E88       SetWindowPos
 0001:00005E90       SetWindowsHookEx
 0002:000029E8       SetWindowTheme
 0002:0000015C       ShareMode
 0001:000249C8       ShellAPI
 0002:00002AE4       ShellModule
 0001:00024AA8       ShlObj
 0001:0003C6CC       ShortCut
 0002:00002BA8       ShortCutItems
 0001:0003C758       ShortCutToText
 0002:0000268C       ShortDateFormat
 0002:00002708       ShortDayNames
 0002:000026A8       ShortMonthNames
 0002:000026A0       ShortTimeFormat
 0002:00000D40       ShowCommands
 0002:00000D34       ShowCommands
 0002:00000D28       ShowCommands
 0001:00005E98       ShowCursor
 0001:0000B018       ShowException
 0002:00000B44       ShowFlags
 0002:00000DDC       ShowFlags
 0001:00043B1C       ShowMDIClientEdge
 0001:00005EA0       ShowOwnedPopups
 0001:00005EA8       ShowScrollBar
 0001:00005EB0       ShowWindow
 0001:0004B65C       ShowWinNoAnimate
 0001:00037EFC       ShowZone
 0001:00018F20       SignalSyncEvent
 0002:00000BA4       SizeCursors
 0001:00005800       SizeofResource
 0001:00018380       SkipBinary
 0001:000183B0       SkipCollection
 0001:00018358       SkipList
 0001:0000C4C8       Sleep
 0001:00005808       Sleep
 0001:00012248       SmallPoint
 0001:00005F6C       SmallPointToPoint
 0002:0000261C       smallTab
 0002:000025E4       spaceRoot
 0001:00012EC8       StartClassGroup
 0001:00027C3C       StdActns
 0001:00027AD4       StdCtrls
 0001:0001A65C       StdWndProc
 0002:000028A0       StockBrush
 0002:000028A4       StockFont
 0002:000028A8       StockIcon
 0002:0000289C       StockPen
 0002:00000F5C       StopBitsStrings
 0001:00053F0C       StopBitsToStr
 0001:00007DB4       StrAlloc
 0001:00007DC8       StrBufSize
 0001:0000BAB8       StrByteType
 0001:0000BCA4       StrCharLength
 0001:00007CA4       StrComp
 0001:00007C04       StrCopy
 0001:00007E00       StrDispose
 0001:0003AE88       StreamsEqual
 0001:00007BE0       StrEnd
 0001:00005A08       StretchBlt
 0001:00008210       StrFmt
 0001:00007CC8       StrIComp
 0001:00015254       StringListCompareStrings
 0001:00041A94       StripHotkey
 0001:00007C2C       StrLCopy
 0001:00007BC8       StrLen
 0001:00008250       StrLFmt
 0001:00007D08       StrLIComp
 0001:00007BF4       StrMove
 0001:00007DD4       StrNew
 0001:0000BCC4       StrNextChar
 0001:00007C60       StrPCopy
 0001:00007C84       StrPLCopy
 0001:00007D60       StrPos
 0001:00007D4C       StrScan
 0001:00053B1C       StrToBaudRate
 0001:00050F8C       StrToBool
 0001:000511B8       StrToChar
 0001:00053C34       StrToDataBits
 0001:0000A748       StrToDate
 0001:0000A818       StrToDateTime
 0001:0005112C       StrToDTR
 0001:00008DA0       StrToFloat
 0001:00008DDC       StrToFloatDef
 0001:00053D4C       StrToFlowControl
 0001:00007548       StrToInt
 0001:00007584       StrToIntDef
 0001:00053CC0       StrToParity
 0001:000510A0       StrToRTS
 0001:00053BA8       StrToStopBits
 0001:0000A7B0       StrToTime
 0001:000546C0       strtovalor
 0001:00025948       StrUtils
 0002:00000D1C       Styles
 0001:0000CA3C       Supports
 0001:0000CA60       Supports
 0002:00002850       SyncEvent
 0002:00000478       SyncList
 0001:00023F64       SyncObjs
 0001:00000324       SysAllocStringLen
 0001:00006508       SysConst
 0002:00000CEC       SysConsts
 0002:00000CE4       SysConsts
 0001:0000A8D8       SysErrorMessage
 0001:000012C8       SysFreeMem
 0001:00000334       SysFreeString
 0001:00001138       SysGetMem
 0001:0000543C       SysInit
 0002:00002740       SysLocale
 0001:00001648       SysReallocMem
 0001:0000032C       SysReAllocStringLen
 0001:000051A4       System
 0002:00002890       SystemPalette16
 0001:0001DECC       SystemPaletteOverride
 0001:00005EB8       SystemParametersInfo
 0001:0000CFCC       SysUtils
 0001:00039824       TActionLink.IsCaptionLinked
 0001:00039838       TActionLink.IsCheckedLinked
 0001:0003984C       TActionLink.IsEnabledLinked
 0001:00039860       TActionLink.IsGroupIndexLinked
 0001:00039874       TActionLink.IsHelpContextLinked
 0001:00039888       TActionLink.IsHelpLinked
 0001:0003989C       TActionLink.IsHintLinked
 0001:000398B0       TActionLink.IsImageIndexLinked
 0001:000398C4       TActionLink.IsShortCutLinked
 0001:000398D8       TActionLink.IsVisibleLinked
 0001:000398EC       TActionLink.SetAutoCheck
 0001:000398F0       TActionLink.SetCaption
 0001:000398F4       TActionLink.SetChecked
 0001:000398F8       TActionLink.SetEnabled
 0001:000398FC       TActionLink.SetGroupIndex
 0001:00039900       TActionLink.SetHelpContext
 0001:00039904       TActionLink.SetHelpKeyword
 0001:00039908       TActionLink.SetHelpType
 0001:0003990C       TActionLink.SetHint
 0001:00039910       TActionLink.SetImageIndex
 0001:00039914       TActionLink.SetShortCut
 0001:00039918       TActionLink.SetVisible
 0001:0004DA2C       TApplication.ActivateHint
 0001:0004C7F4       TApplication.BringToFront
 0001:0004D794       TApplication.CancelHint
 0001:0004BDD8       TApplication.CheckIniChange
 0001:0004BB54       TApplication.ControlDestroyed
 0001:0004B69C       TApplication.Create
 0001:0004B9A4       TApplication.CreateHandle
 0001:0004B888       TApplication.Destroy
 0001:0004DDFC       TApplication.DispatchAction
 0001:0004D160       TApplication.DoActionIdle
 0001:0004D1C4       TApplication.DoMouseIdle
 0001:0004BC24       TApplication.DoNormalizeTopMosts
 0001:0004DE8C       TApplication.ExecuteAction
 0001:0004DDC0       TApplication.GetCurrentHelpFile
 0001:0004D100       TApplication.GetExeName
 0001:0004C628       TApplication.GetIconHandle
 0001:0004C830       TApplication.GetTitle
 0001:0004CBF0       TApplication.HandleException
 0001:0004CAE0       TApplication.HandleMessage
 0001:0004D0F8       TApplication.HelpCommand
 0001:0004D090       TApplication.HelpContext
 0001:0004D028       TApplication.HelpKeyword
 0001:0004D750       TApplication.HideHint
 0001:0004D608       TApplication.HintMouseMessage
 0001:0004D718       TApplication.HintTimerExpired
 0001:0004CB04       TApplication.HookMainWindow
 0001:0004DF38       TApplication.HookSynchronizeWakeup
 0001:0004D398       TApplication.IconChanged
 0001:0004D23C       TApplication.Idle
 0001:0004CEC0       TApplication.InvokeHelp
 0001:0004C87C       TApplication.IsDlgMsg
 0001:0004C9A8       TApplication.IsHintMsg
 0001:0004C8F0       TApplication.IsKeyMsg
 0001:0004C8A0       TApplication.IsMDIMsg
 0001:0004C9DC       TApplication.IsShortCut
 0001:0004CC80       TApplication.MessageBox
 0001:0004C644       TApplication.Minimize
 0001:0004BD00       TApplication.ModalFinished
 0001:0004BCD4       TApplication.ModalStarted
 0001:0004BD34       TApplication.NormalizeAllTopMosts
 0001:0004BD2C       TApplication.NormalizeTopMosts
 0001:0004D35C       TApplication.NotifyForms
 0001:0004CA48       TApplication.ProcessMessage
 0001:0004C6F4       TApplication.Restore
 0001:0004BD3C       TApplication.RestoreTopMosts
 0001:0004D3FC       TApplication.SetHint
 0001:0004D110       TApplication.SetShowHint
 0001:0004BE30       TApplication.SettingChange
 0001:0004CDE8       TApplication.ShowException
 0001:0004D59C       TApplication.StartHintTimer
 0001:0004D5E0       TApplication.StopHintTimer
 0001:0004CBDC       TApplication.Terminate
 0001:0004CB60       TApplication.UnhookMainWindow
 0001:0004DF48       TApplication.UnhookSynchronizeWakeup
 0001:0004DEB4       TApplication.UpdateAction
 0001:0004D4EC       TApplication.UpdateVisible
 0001:0004BDC0       TApplication.UseRightToLeftAlignment
 0001:0004BDA8       TApplication.UseRightToLeftReading
 0001:0004D574       TApplication.ValidateHelpSystem
 0001:0004DF28       TApplication.WakeMainThread
 0001:0004BF24       TApplication.WndProc
 0002:00000CD4       TaskActiveWindow
 0002:00000CDC       TaskFirstTopMost
 0002:00000CD8       TaskFirstWindow
 0002:00000CE0       TaskWindowList
 0001:0002AF80       TBaseDragControlObject.Assign
 0001:0002AF5C       TBaseDragControlObject.Create
 0001:0002AFAC       TBaseDragControlObject.EndDrag
 0001:0002AFD8       TBaseDragControlObject.Finished
 0001:0001A060       TBasicAction.Change
 0001:00019EFC       TBasicAction.Create
 0001:00019F40       TBasicAction.Destroy
 0001:00019FCC       TBasicAction.Execute
 0001:00019F9C       TBasicAction.ExecuteTarget
 0001:00019F98       TBasicAction.HandlesTarget
 0001:00019FA0       TBasicAction.Notification
 0001:0001A074       TBasicAction.RegisterChanges
 0001:0001A0C0       TBasicAction.SetActionComponent
 0001:0001A004       TBasicAction.SetOnExecute
 0001:0001A080       TBasicAction.UnRegisterChanges
 0001:00019FE8       TBasicAction.Update
 0001:00019FC8       TBasicAction.UpdateTarget
 0001:00019E4C       TBasicActionLink.AssignClient
 0001:00019E84       TBasicActionLink.Change
 0001:00019E08       TBasicActionLink.Create
 0001:00019E50       TBasicActionLink.Destroy
 0001:00019E9C       TBasicActionLink.Execute
 0001:00019EE4       TBasicActionLink.IsOnExecuteLinked
 0001:00019EB8       TBasicActionLink.SetAction
 0001:00019EE8       TBasicActionLink.SetOnExecute
 0001:00019EF0       TBasicActionLink.Update
 0001:0001FC24       TBitmap.Assign
 0001:0001FDF8       TBitmap.Changed
 0001:0001FDD4       TBitmap.Changing
 0001:0001FD14       TBitmap.CopyImage
 0001:0001FB80       TBitmap.Create
 0001:0001FBE8       TBitmap.Destroy
 0001:00020284       TBitmap.DIBNeeded
 0001:0001FE04       TBitmap.Dormant
 0001:0001FE78       TBitmap.Draw
 0001:000202F8       TBitmap.FreeContext
 0001:000200C8       TBitmap.FreeImage
 0001:00020148       TBitmap.GetCanvas
 0001:0002012C       TBitmap.GetEmpty
 0001:00020190       TBitmap.GetHandle
 0001:000201B4       TBitmap.GetHandleType
 0001:000201E0       TBitmap.GetHeight
 0001:000201F0       TBitmap.GetMaskHandle
 0001:00020204       TBitmap.GetMonochrome
 0001:00020220       TBitmap.GetPalette
 0001:00020234       TBitmap.GetTransparentColor
 0001:0002027C       TBitmap.GetWidth
 0001:00020308       TBitmap.HandleNeeded
 0001:000204C0       TBitmap.LoadFromClipboardFormat
 0001:00020544       TBitmap.LoadFromStream
 0001:000203A8       TBitmap.MaskHandleNeeded
 0001:00020568       TBitmap.NewImage
 0001:00020408       TBitmap.PaletteNeeded
 0001:00020668       TBitmap.ReadData
 0001:00020690       TBitmap.ReadDIB
 0001:00020BF8       TBitmap.ReadStream
 0001:00021328       TBitmap.SaveToClipboardFormat
 0001:00021320       TBitmap.SaveToStream
 0001:00020C68       TBitmap.SetHandle
 0001:00020D2C       TBitmap.SetHandleType
 0001:00020E64       TBitmap.SetHeight
 0001:00020EB8       TBitmap.SetMonochrome
 0001:00020F38       TBitmap.SetPalette
 0001:0002100C       TBitmap.SetWidth
 0001:00021060       TBitmap.WriteData
 0001:00021068       TBitmap.WriteStream
 0001:0001EEE4       TBitmapCanvas.Create
 0001:0001EFEC       TBitmapCanvas.CreateHandle
 0001:0001EF20       TBitmapCanvas.Destroy
 0001:0001EF4C       TBitmapCanvas.FreeContext
 0001:0001F0FC       TBitmapImage.Destroy
 0001:0001F158       TBitmapImage.FreeHandle
 0001:00013A68       TBits.Destroy
 0001:00013A98       TBits.Error
 0001:00013B8C       TBits.OpenBit
 0001:00013B60       TBits.SetBit
 0001:00013ABC       TBits.SetSize
 0001:0001CCBC       TBrush.Assign
 0001:0001CC54       TBrush.Create
 0001:0001CC94       TBrush.Destroy
 0001:0001CDF4       TBrush.GetColor
 0001:0001CD64       TBrush.GetData
 0001:0001CE30       TBrush.GetHandle
 0001:0001CF10       TBrush.GetStyle
 0001:0001CDD0       TBrush.SetBitmap
 0001:0001CDFC       TBrush.SetColor
 0001:0001CD80       TBrush.SetData
 0001:0001CF18       TBrush.SetStyle
 0001:0001D710       TCanvas.BrushChanged
 0001:0001D5E4       TCanvas.Changed
 0001:0001D5D0       TCanvas.Changing
 0001:0001D06C       TCanvas.CopyRect
 0001:0001CF4C       TCanvas.Create
 0001:0001D654       TCanvas.CreateBrush
 0001:0001D5F8       TCanvas.CreateFont
 0001:0001D504       TCanvas.CreateHandle
 0001:0001D624       TCanvas.CreatePen
 0001:0001D4A8       TCanvas.DeselectHandles
 0001:0001D010       TCanvas.Destroy
 0001:0001D0F4       TCanvas.Draw
 0001:0001D1A0       TCanvas.FillRect
 0001:0001D6D0       TCanvas.FontChanged
 0001:0001D488       TCanvas.GetHandle
 0001:0001D3D0       TCanvas.GetPenPos
 0001:0001D414       TCanvas.GetPixel
 0001:0001D1DC       TCanvas.LineTo
 0001:0001D214       TCanvas.Lock
 0001:0001D23C       TCanvas.MoveTo
 0001:0001D6F0       TCanvas.PenChanged
 0001:0001D55C       TCanvas.RequiredState
[...]
 0001:0005386C       TCustomComPort.SetDiscardNull
 0001:00053880       TCustomComPort.SetEventChar
 0001:00053894       TCustomComPort.SetPort
 0001:000538D4       TCustomComPort.SetStopBits
 0001:000538E8       TCustomComPort.SetSyncMethod
 0001:0005391C       TCustomComPort.GetTriggersOnRxChar
 0001:00053930       TCustomComPort.SetFlowControl
 0001:0005394C       TCustomComPort.SetParity
 0001:00053968       TCustomComPort.SetTimeouts
 0001:00053984       TCustomComPort.SetBuffer
 0001:000539A0       EComPort.Create
 0001:00053A64       EComPort.CreateNoWinCode
 0001:00053AAC       InitAsync
 0001:00053AEC       DoneAsync
 0001:00053B1C       StrToBaudRate
 0001:00053BA8       StrToStopBits
 0001:00053C34       StrToDataBits
 0001:00053CC0       StrToParity
 0001:00053D4C       StrToFlowControl
 0001:00053ECC       BaudRateToStr
 0001:00053F0C       StopBitsToStr
 0001:00053F58       DataBitsToStr
 0001:00053FC0       ParityToStr
 0001:00054024       FlowControlToStr
 0001:00054040       Finalization
 0001:0005411C       CPort
 0001:00054124       Log
 0001:00054360       Enviacomando
 0001:000546C0       strtovalor
 0001:00054724       Enche
 0001:00054C34       espera_ecf
 0001:00054CF8       Prepara_Resp
 0001:00054E24       Troca_op
 0001:00055094       Abrecupom
 0001:000551E4       AbreGaveta
 0001:00055250       AcreSub
 0001:000553F8       Autentica
 0001:000554D8       Cancelacupom
 0001:00055578       CancItem
 0001:00055690       Descitem
 0001:0005579C       DescSub
 0001:000558C8       FecharCupom
 0001:00055C10       Finalizadia
 0001:00055E9C       InicioDia
 0001:00056044       Lancaitem
 0001:00056448       Notadecupom
 0001:00056510       TextoNF
 0001:00056624       Totalizacupom
 0001:00056A44       LeituraX
 0001:00056B4C       Venda_liquida
 0001:00056C0C       COO
 0001:00056D30       Sangria
 0001:00057028       FCX
 0001:00057330       Cheque
 0001:00057464       Contra_vale
 0001:0005754C       cnfv
 0001:00057768       ECF_INFO
 0001:00057BAC       LMFD
 0001:00057CD8       LMFR
 0001:00057E34       LMMM
 0001:00057F3C       Finalization
 0001:0005818C       _sweda
 0002:00000000       ExitCode
 0002:00000004       ErrorAddr
 0002:00000008       FileMode
 0002:0000000C       VarClearProc
 0002:00000010       VarAddRefProc
 0002:00000014       VarCopyProc
 0002:00000018       VarToLStrProc
 0002:0000001C       VarToWStrProc
 0002:00000020       Default8087CW
 0002:00000024       HeapAllocFlags
 0002:00000028       DebugHook
 0002:0000002C       JITEnable
 0002:00000030       NoErrMsg
 0002:00000034       DefaultTextLineBreakStyle
 0002:00000038       LibModuleList
 0002:0000003C       ModuleUnloadList
 0002:00000040       MemoryManager
 0002:0000004C       reMap
 0002:00000068       errCaption
 0002:00000070       runErrMsg
 0002:00000090       dig
 0002:000000A0       TlsIndex
 0002:000000A4       PtrToNil
 0002:000000A8       Module
 0002:000000C0       TlsProc
 0002:000000D0       EmptyStr
 0002:000000D4       EmptyWideStr
 0002:000000D8       Win32Platform
 0002:000000DC       Win32MajorVersion
 0002:000000E0       Win32MinorVersion
 0002:000000E4       Win32BuildNumber
 0002:000000E8       Win32CSDVersion
 0002:000000EC       TwoDigitYearCenturyWindow
 0002:000000F0       MonthDays
 0002:00000120       LeadBytes
 0002:00000140       HexDisplayPrefix
 0002:00000144       GetDiskFreeSpaceEx
 0002:00000148       cSimpleBoolStrs
 0002:00000150       AccessMode
 0002:0000015C       ShareMode
 0002:00000170       FormatErrorStrs
 0002:00000178       FCon1E18
 0002:00000184       DCon10
 0002:00000188       CWNear
 0002:0000018C       FMSecsPerDay
 0002:00000190       IMSecsPerDay
 0002:00000194       Format
 0002:00000198       DefShortMonthNames
 0002:000001C8       DefLongMonthNames
 0002:000001F8       DefShortDayNames
 0002:00000214       DefLongDayNames
 0002:00000230       ErrorMap
 0002:00000268       ExceptMap
 0002:00000318       WesternGroups
 0002:0000031C       TerminateProcList
 0002:00000320       CResult
 0002:00000328       NullStrictConvert
 0002:0000032C       NullAsStringValue
 0002:00000330       PackVarCreation
 0002:00000334       BooleanToStringRule
 0002:00000338       CInvalidCustomVariantType
 0002:0000033C       CRangeToType
 0002:00000350       CText
 0002:000003A4       CRelationshipToBoolean
 0002:000003B8       BooleanIdents
 0002:000003C0       DotSep
 0002:000003C4       AddDataModule
 0002:000003CC       RemoveDataModule
 0002:000003D4       ApplicationHandleException
 0002:000003DC       ApplicationShowException
 0002:000003E4       WakeMainThread
 0002:000003EC       FilerSignature
 0002:000003F0       NilMethod
 0002:000003F8       Convert
 0002:00000408       Convert
 0002:00000478       SyncList
 0002:0000047C       Priorities
 0002:00000498       BlockCode
 0002:0000049C       UtilWindowClass
 0002:000004C4       DefFontData
 0002:000004F0       DDBsOnly
 0002:000004F4       Colors
 0002:00000694       FontCharsets
 0002:00000724       DefPenData
 0002:00000734       PenStyles
 0002:00000744       DefBrushData
 0002:00000754       PenModes
 0002:00000774       ClipboardFormats
 0002:00000778       FileFormats
 0002:0000077C       BitmapCanvasList
 0002:00000780       DIBPalSizes
 0002:00000784       PalSize
 0002:00000788       Pal16
 0002:000007C8       FPrinter
 0002:000007CC       CreationControl
 0002:000007D0       WndProcPtrAtom
 0002:000007D4       Captions
 0002:000007E8       ButtonNames
 0002:00000814       ButtonCaptions
 0002:00000840       ColorToPretyName
 0002:000009B8       BitBtnCaptions
 0002:000009E4       Values
 0002:000009EC       Values
 0002:000009F4       MAPIDLL
 0002:000009F8       MAPIModule
 0002:000009FC       RTFConversionFormat
 0002:00000A08       TextConversionFormat
 0002:00000A14       ThemeServicesClass
 0002:00000A18       Copyright
 0002:00000A1C       ThemeDataNames
 0002:00000A7C       AnimateWindowProc
 0002:00000A80       CreationControl
 0002:00000A84       DefaultDockTreeClass
 0002:00000A88       AnchorAlign
 0002:00000A90       Cursors
 0002:00000B40       CaptureControl
 0002:00000B44       ShowFlags
 0002:00000B48       WindowPos
 0002:00000B4C       InnerStyles
 0002:00000B5C       OuterStyles
 0002:00000B6C       EdgeStyles
 0002:00000B7C       Ctl3DStyles
 0002:00000B84       AnimationStyle
 0002:00000B90       OrientArray
 0002:00000B98       MakeLast
 0002:00000BA0       TreeStreamEndFlag
 0002:00000BA4       SizeCursors
 0002:00000BAC       IMM32DLL
 0002:00000BB0       ModeMap
 0002:00000BB8       DrawingStyles
 0002:00000BC8       Images
 0002:00000BD0       Mask
 0002:00000BD8       ValidMenuHotkeys
 0002:00000BDC       cMenuAutoFlagToItem
 0002:00000BE0       cItemAutoFlagToMenu
 0002:00000BE4       cBooleanToItemAutoFlag
 0002:00000BE8       cItemAutoFlagToBoolean
 0002:00000BEC       MenuKeyCaps
 0002:00000C34       Checks
 0002:00000C3C       Enables
 0002:00000C44       Breaks
 0002:00000C50       Separators
 0002:00000C58       IBreaks
 0002:00000C64       IChecks
 0002:00000C6C       IDefaults
 0002:00000C74       IEnables
 0002:00000C7C       IRadios
 0002:00000C84       ISeparators
 0002:00000C8C       IRTL
 0002:00000C94       IOwnerDraw
 0002:00000C9C       Alignments
 0002:00000CA4       EdgeStyle
 0002:00000CAC       Alignments
 0002:00000CB4       Flags
 0002:00000CC0       Buttons
 0002:00000CC4       HintWindowClass
 0002:00000CC8       SetLayeredWindowAttributes
 0002:00000CCC       FocusMessages
 0002:00000CD0       FocusCount
 0002:00000CD4       TaskActiveWindow
 0002:00000CD8       TaskFirstWindow
 0002:00000CDC       TaskFirstTopMost
 0002:00000CE0       TaskWindowList
 0002:00000CE4       SysConsts
 0002:00000CEC       SysConsts
 0002:00000CF4       Props
 0002:00000D1C       Styles
 0002:00000D28       ShowCommands
 0002:00000D34       ShowCommands
 0002:00000D40       ShowCommands
 0002:00000D4C       cUseAlpha
 0002:00000D54       cUseColorKey
 0002:00000D5C       CursorMap
 0002:00000DB0       WindowClass
 0002:00000DD8       AppVisible
 0002:00000DDC       ShowFlags
 0002:00000DE0       OnBitmaps
 0002:00000DFC       OffBitmaps
 0002:00000E18       ComErrorMessages
 0002:00000E74       CParityBits
 0002:00000E88       CStopBits
 0002:00000E94       CBaudRate
 0002:00000ED4       CDataBits
 0002:00000EE4       CControlRTS
 0002:00000EF4       CControlDTR
 0002:00000F00       DTRStrings
 0002:00000F0C       RTSStrings
 0002:00000F1C       BaudRateStrings
 0002:00000F5C       StopBitsStrings
 0002:00000F68       DataBitsStrings
 0002:00000F78       ParityBitsStrings
 0002:00000F8C       FlowControlStrings
 0002:00002000       DispCallByIDProc
 0002:00002004       ExceptProc
 0002:00002008       ErrorProc
 0002:0000200C       ExceptClsProc
 0002:00002010       ExceptObjProc
 0002:00002014       RaiseExceptionProc
 0002:00002018       RTLUnwindProc
 0002:0000201C       ExceptionClass
 0002:00002020       AssertErrorProc
 0002:00002024       ExitProcessProc
 0002:00002028       AbstractErrorProc
 0002:0000202C       MainInstance
 0002:00002030       MainThreadID
 0002:00002034       IsLibrary
 0002:00002038       CmdShow
 0002:0000203C       CmdLine
 0002:00002040       ExitProc
 0002:00002044       IsConsole
 0002:00002045       IsMultiThread
 0002:00002046       Test8086
 0002:00002048       Input
 0002:00002214       Output
 0002:000023E0       ErrOutput
 0002:000025AC       AllocMemCount
 0002:000025B0       AllocMemSize
 0002:000025B4       .5
 0002:000025B8       DefaultUserCodePage
 0002:000025BC       initialized
 0002:000025C0       heapErrorCode
 0002:000025C4       heapLock
 0002:000025DC       blockDescBlockList
 0002:000025E0       blockDescFreeList
 0002:000025E4       spaceRoot
 0002:000025F4       decommittedRoot
 0002:00002604       avail
 0002:00002610       rover
 0002:00002614       remBytes
 0002:00002618       curAlloc
 0002:0000261C       smallTab
 0002:00002620       committedRoot
 0002:00002630       InitContext
 0002:0000265C       ModuleIsLib
 0002:0000265D       ModuleIsCpp
 0002:00002660       HInstance
 0002:00002664       DllProc
 0002:00002668       .1
 0002:0000266C       tlsBuffer
 0002:00002670       .1
 0002:00002674       .3
 0002:00002678       .1
 0002:0000267C       .1
 0002:00002680       CurrencyString
 0002:00002684       CurrencyFormat
 0002:00002685       NegCurrFormat
 0002:00002686       ThousandSeparator
 0002:00002687       DecimalSeparator
 0002:00002688       CurrencyDecimals
 0002:00002689       DateSeparator
 0002:0000268C       ShortDateFormat
 0002:00002690       LongDateFormat
 0002:00002694       TimeSeparator
 0002:00002698       TimeAMString
 0002:0000269C       TimePMString
 0002:000026A0       ShortTimeFormat
 0002:000026A4       LongTimeFormat
 0002:000026A8       ShortMonthNames
 0002:000026D8       LongMonthNames
 0002:00002708       ShortDayNames
 0002:00002724       LongDayNames
 0002:00002740       SysLocale
 0002:0000274E       ListSeparator
 0002:00002750       EraNames
 0002:0000276C       EraYearOffsets
 0002:00002788       TrueBoolStrs
 0002:0000278C       FalseBoolStrs
 0002:00002790       .35
 0002:00002794       OutOfMemory
 0002:00002798       InvalidPointer
 0002:0000279C       FLanguages
 0002:000027A0       VariantChangeTypeEx
 0002:000027A4       VarNeg
 0002:000027A8       VarNot
 0002:000027AC       VarAdd
 0002:000027B0       VarSub
 0002:000027B4       VarMul
 0002:000027B8       VarDiv
 0002:000027BC       VarIDiv
 0002:000027C0       VarMod
 0002:000027C4       VarAnd
 0002:000027C8       VarOr
 0002:000027CC       VarXor
 0002:000027D0       VarCmp
 0002:000027D4       VarI4FromStr
 0002:000027D8       VarR4FromStr
 0002:000027DC       VarR8FromStr
 0002:000027E0       VarDateFromStr
 0002:000027E4       VarCyFromStr
 0002:000027E8       VarBoolFromStr
 0002:000027EC       VarBstrFromCy
 0002:000027F0       VarBstrFromDate
 0002:000027F4       VarBstrFromBool
 0002:000027F8       .5
 0002:000027FC       EmptyParam
 0002:0000280C       VarDispProc
 0002:00002810       ClearAnyProc
 0002:00002814       ChangeAnyProc
 0002:00002818       RefAnyProc
 0002:0000281C       .81
 0002:00002820       LVarTypes
 0002:00002824       LVarTypeSync
 0002:0000283C       .1
 0002:00002840       .6
 0002:00002844       .3
 0002:00002848       GlobalNameSpace
 0002:0000284C       IsUniqueGlobalComponentNameProc
 0002:00002850       SyncEvent
 0002:00002854       .45
 0002:00002858       IntConstList
 0002:0000285C       RegGroups
 0002:00002860       FindGlobalComponentProcs
 0002:00002864       GlobalFixupList
 0002:00002868       ThreadLock
 0002:00002880       ThreadCount
 0002:00002884       InstBlockList
 0002:00002888       InstFreeList
 0002:0000288C       .1
 0002:00002890       SystemPalette16
 0002:00002894       .12
 0002:00002898       ScreenLogPixels
 0002:0000289C       StockPen
 0002:000028A0       StockBrush
 0002:000028A4       StockFont
 0002:000028A8       StockIcon
 0002:000028AC       BitmapImageLock
 0002:000028C4       CounterLock
 0002:000028DC       FontManager
 0002:000028E0       PenManager
 0002:000028E4       BrushManager
 0002:000028E8       CanvasList
 0002:000028EC       PatternManager
 0002:000028F0       .2
 0002:000028F4       .21
 0002:000028F8       .1
 0002:000028FC       GetSystemMetrics
 0002:00002900       MonitorFromWindow
 0002:00002904       MonitorFromRect
 0002:00002908       MonitorFromPoint
 0002:0000290C       GetMonitorInfo
 0002:00002910       GetMonitorInfoA
 0002:00002914       GetMonitorInfoW
 0002:00002918       EnumDisplayMonitors
 0002:0000291C       .1
 0002:00002920       User32Dll
 0002:00002924       InitApis
 0002:0000292C       MMAvailable
 0002:00002930       .1
 0002:00002934       .2
 0002:00002938       HelpManager
 0002:0000293C       .3
 0002:00002940       .3
 0002:00002944       FlatSB_EnableScrollBar
 0002:00002948       FlatSB_ShowScrollBar
 0002:0000294C       FlatSB_GetScrollRange
 0002:00002950       FlatSB_GetScrollInfo
 0002:00002954       FlatSB_GetScrollPos
 0002:00002958       FlatSB_SetScrollPos
 0002:0000295C       FlatSB_SetScrollInfo
 0002:00002960       FlatSB_SetScrollRange
 0002:00002964       .1
 0002:00002968       _FlatSB_GetScrollProp
 0002:0000296C       _FlatSB_SetScrollProp
 0002:00002970       _InitializeFlatSB
 0002:00002974       _UninitializeFlatSB
 0002:00002978       .6
 0002:0000297C       OpenThemeData
 0002:00002980       CloseThemeData
 0002:00002984       DrawThemeBackground
 0002:00002988       DrawThemeText
 0002:0000298C       GetThemeBackgroundContentRect
 0002:00002990       GetThemeBackgroundExtent
 0002:00002994       GetThemePartSize
 0002:00002998       GetThemeTextExtent
 0002:0000299C       GetThemeTextMetrics
 0002:000029A0       GetThemeBackgroundRegion
 0002:000029A4       HitTestThemeBackground
 0002:000029A8       DrawThemeEdge
 0002:000029AC       DrawThemeIcon
 0002:000029B0       IsThemePartDefined
 0002:000029B4       IsThemeBackgroundPartiallyTransparent
 0002:000029B8       GetThemeColor
 0002:000029BC       GetThemeMetric
 0002:000029C0       GetThemeString
 0002:000029C4       GetThemeBool
 0002:000029C8       GetThemeInt
 0002:000029CC       GetThemeEnumValue
 0002:000029D0       GetThemePosition
 0002:000029D4       GetThemeFont
 0002:000029D8       GetThemeRect
 0002:000029DC       GetThemeMargins
 0002:000029E0       GetThemeIntList
 0002:000029E4       GetThemePropertyOrigin
 0002:000029E8       SetWindowTheme
 0002:000029EC       GetThemeFilename
 0002:000029F0       GetThemeSysColor
 0002:000029F4       GetThemeSysColorBrush
 0002:000029F8       GetThemeSysBool
 0002:000029FC       GetThemeSysSize
 0002:00002A00       GetThemeSysFont
 0002:00002A04       GetThemeSysString
 0002:00002A08       GetThemeSysInt
 0002:00002A0C       IsThemeActive
 0002:00002A10       IsAppThemed
 0002:00002A14       GetWindowTheme
 0002:00002A18       EnableThemeDialogTexture
 0002:00002A1C       IsThemeDialogTextureEnabled
 0002:00002A20       GetThemeAppProperties
 0002:00002A24       SetThemeAppProperties
 0002:00002A28       GetCurrentThemeName
 0002:00002A2C       GetThemeDocumentationProperty
 0002:00002A30       DrawThemeParentBackground
 0002:00002A34       EnableTheming
 0002:00002A38       .1
 0002:00002A3C       ThemeLibrary
 0002:00002A40       ReferenceCount
 0002:00002A44       Lock
 0002:00002A48       .1
 0002:00002A4C       .4
 0002:00002A50       .1
 0002:00002A54       .1
 0002:00002A58       .1
 0002:00002A5C       .1
 0002:00002A60       .1
 0002:00002A64       .1
 0002:00002A68       .1
 0002:00002A6C       .11
 0002:00002A70       HelpMsg
 0002:00002A74       FindMsg
 0002:00002A78       .12
 0002:00002A7C       .1
 0002:00002A80       CF_PICTURE
 0002:00002A82       CF_COMPONENT
 0002:00002A84       .2
 0002:00002A88       FClipboard
 0002:00002A8C       .1
 0002:00002A90       .4
 0002:00002A94       BitBtnGlyphs
 0002:00002AC0       .3
 0002:00002AC4       .8
 0002:00002AC8       .5
 0002:00002ACC       .1
 0002:00002AD0       .72
 0002:00002AD4       UrlMonHandle
 0002:00002AD8       UrlMonInitialized
 0002:00002ADC       .8
 0002:00002AE0       .36
 0002:00002AE4       ShellModule
 0002:00002AE8       FRichEditModule
 0002:00002AEC       ComCtlVersion
 0002:00002AF0       .2
 0002:00002AF4       InternalServices
 0002:00002AF8       .42
 0002:00002AFC       .73
 0002:00002B00       WinHelpTester
 0002:00002B04       ViewerName
 0002:00002B08       .1
 0002:00002B0C       HelpViewer
 0002:00002B10       HelpViewerIntf
 0002:00002B14       Mouse
 0002:00002B18       NewStyleControls
 0002:00002B1C       .72
 0002:00002B20       WindowAtom
 0002:00002B22       ControlAtom
 0002:00002B24       WindowAtomString
 0002:00002B28       ControlAtomString
 0002:00002B2C       RM_GetObjectInstance
 0002:00002B30       DragControl
 0002:00002B34       DragObject
 0002:00002B38       DragInternalObject
 0002:00002B3C       DragCapture
 0002:00002B40       DragStartPos
 0002:00002B48       DragSaveCursor
 0002:00002B4C       DragThreshold
 0002:00002B50       ActiveDrag
 0002:00002B54       DragImageList
 0002:00002B58       DockSiteList
 0002:00002B5C       QualifyingSites
 0002:00002B60       DragSave
 0002:00002B64       CanvasList
 0002:00002B68       _WINNLSEnableIME
 0002:00002B6C       _ImmGetContext
 0002:00002B70       _ImmReleaseContext
 0002:00002B74       _ImmGetConversionStatus
 0002:00002B78       _ImmSetConversionStatus
 0002:00002B7C       _ImmSetOpenStatus
 0002:00002B80       _ImmSetCompositionWindow
 0002:00002B84       _ImmSetCompositionFont
 0002:00002B88       _ImmGetCompositionString
 0002:00002B8C       _ImmIsIME
 0002:00002B90       _ImmNotifyIME
 0002:00002B94       .8
 0002:00002B98       .3
 0002:00002B9C       CachedComCtrlVer
 0002:00002BA0       ImageListWriteExProc
 0002:00002BA4       PopupList
 0002:00002BA8       ShortCutItems
 0002:00002BAC       .9
 0002:00002BB0       CommandPool
 0002:00002BB4       Application
 0002:00002BB8       Screen
 0002:00002BBC       .41
 0002:00002BC0       RM_TaskbarCreated
 0002:00002BC4       HintThreadID
 0002:00002BC8       HintDoneEvent
 0002:00002BCC       HintHook
 0002:00002BD0       HintThread
 0002:00002BD4       .4
 0002:00002BD8       .2
 0002:00002BDC       ComTerminalFont
 0002:00002BE0       .8
 0002:00002BE4       .2
 0002:00002BE8       .21
 0002:00002BEC       func
 0002:00002BF0       comando
 0002:00002BF4       retorno
 0002:00002BF8       retorno_serial
 0002:00002BFC       Serial


Bound resource files

c:\arquivos de programas\borland\delphi7\Lib\Buttons.res
c:\arquivos de programas\borland\delphi7\Lib\ExtDlgs.res
c:\arquivos de programas\borland\delphi7\Lib\Controls.res
c:\arquivos de programas\borland\cport264-delphi7\source\CPortTrmSet.DFM
c:\arquivos de programas\borland\cport264-delphi7\source\CPortImg.res
c:\arquivos de programas\borland\cport264-delphi7\source\CPortSetup.DFM
_sweda.res
_sweda.drf


Program entry point at 0001:0005818C
